Microchip MPLAB XC8 Compiler V2.40

Linker command line:

-W-3 \
  --edf=C:\Program Files\Microchip\xc8\v2.40\pic\dat\20220703182018_en.msgs \
  -cn -h+dist/default/production\OvenSystem.X.production.sym \
  --cmf=dist/default/production\OvenSystem.X.production.cmf -z -Q16F1937 \
  -oC:\Users\DC\AppData\Local\Temp\xcAseho.4 --defsym=__MPLAB_BUILD=1 \
  --fixupoverflow=error \
  -Mdist/default/production/OvenSystem.X.production.map \
  --md=C:\Users\DC\AppData\Local\Temp\xcAseho.dat -E1 -ver=XC8 Compiler \
  --acfsm=1493 -ACODE=00h-07FFhx4 -ASTRCODE=00h-01FFFh -ASTRING=00h-0FFhx32 \
  -ACONST=00h-0FFhx32 -AENTRY=00h-0FFhx32 -ACOMMON=070h-07Fh \
  -ABANK0=020h-06Fh -ABANK1=0A0h-0EFh -ABANK2=0120h-016Fh \
  -ABANK3=01A0h-01EFh -ABANK4=0220h-026Fh -ABANK5=02A0h-02EFh \
  -ABANK6=0320h-032Fh -ABIGRAM=02000h-021EFh \
  -ARAM=020h-06Fh,0A0h-0EFh,0120h-016Fh,01A0h-01EFh,0220h-026Fh,02A0h-02EFh,0320h-032Fh \
  -AABS1=020h-07Fh,0A0h-0EFh,0120h-016Fh,01A0h-01EFh,0220h-026Fh,02A0h-02EFh,0320h-032Fh \
  -ASFR0=00h-01Fh -ASFR1=080h-09Fh -ASFR2=0100h-011Fh -ASFR3=0180h-019Fh \
  -ASFR4=0200h-021Fh -ASFR5=0280h-029Fh -ASFR6=0300h-031Fh \
  -ASFR7=0380h-03EFh -ASFR8=0400h-046Fh -ASFR9=0480h-04EFh \
  -ASFR10=0500h-056Fh -ASFR11=0580h-05EFh -ASFR12=0600h-066Fh \
  -ASFR13=0680h-06EFh -ASFR14=0700h-076Fh -ASFR15=0780h-07EFh \
  -ASFR16=0800h-086Fh -ASFR17=0880h-08EFh -ASFR18=0900h-096Fh \
  -ASFR19=0980h-09EFh -ASFR20=0A00h-0A6Fh -ASFR21=0A80h-0AEFh \
  -ASFR22=0B00h-0B6Fh -ASFR23=0B80h-0BEFh -ASFR24=0C00h-0C6Fh \
  -ASFR25=0C80h-0CEFh -ASFR26=0D00h-0D6Fh -ASFR27=0D80h-0DEFh \
  -ASFR28=0E00h-0E6Fh -ASFR29=0E80h-0EEFh -ASFR30=0F00h-0F6Fh \
  -ASFR31=0F80h-0FEFh -ACONFIG=08007h-08008h -DCONFIG=2 \
  -AIDLOC=08000h-08003h -DIDLOC=2 -AEEDATA=00h-0FFh/0F000h \
  -peeprom_data=EEDATA -DEEDATA=2 -DCODE=2 -DSTRCODE=2 -DSTRING=2 -DCONST=2 \
  -DENTRY=2 -preset_vec=00h,intentry,init,end_init -ppowerup=CODE \
  -pcinit=CODE -pfunctab=ENTRY -k C:\Users\DC\AppData\Local\Temp\xcAseho.o \
  dist/default/production\OvenSystem.X.production.o 

Object code version is 3.11

Machine type is 16F1937



                Name                               Link     Load   Length Selector   Space Scale
C:\Users\DC\AppData\Local\Temp\xcAseho.o
                end_init                              2        2        2        0       0
                reset_vec                             0        0        2        0       0
                config                             8007     8007        2        0       4
                idloc                              8000     8000        4        0       5
dist/default/production\OvenSystem.X.production.o
                cinit                               7DB      7DB       25      FB6       0
                config                             8007     8007        2        0       4
                idloc                              8000     8000        4        0       5
                text43                              828      828      1AA     1050       0
                text42                             1B51     1B51       23     36A2       0
                text41                              9D2      9D2      23B     13A4       0
                text40                             108A     108A       AA     2114       0
                text39                             100A     100A       80     2014       0
                text38                             1000     1000        A     181A       0
                text37                             1D65     1D65       60     3ACA       0
                text36                             1CBB     1CBB       53     3976       0
                text35                             1BC7     1BC7       30     378E       0
                text34                             1A06     1A06       17     340C       0
                text33                             1A4F     1A4F       1F     349E       0
                text32                             1A1D     1A1D       18     343A       0
                text31                             1AED     1AED       21     35DA       0
                text30                             1ECF     1ECF       94     3D9E       0
                text29                             1309     1309      101     2612       0
                text28                             1134     1134       EA     2268       0
                text27                             1A35     1A35       1A     346A       0
                text26                                4        4        1        0       0
                text25                             1D0E     1D0E       57     3A1C       0
                text24                             1B74     1B74       25     36E8       0
                text23                             1BF7     1BF7       35     37EE       0
                text22                               75       75      137       EA       0
                text21                             1C6D     1C6D       4E     38DA       0
                text20                             1E44     1E44       8B     3C88       0
                text19                             19E6     19E6        B     33CC       0
                text18                             15F4     15F4      20C     2BE8       0
                text17                             1A8D     1A8D       20     351A       0
                text16                                5        5       70        A       0
                text15                             1DC5     1DC5       7F     3B8A       0
                text14                             121E     121E       EB     243C       0
                text13                             1B2F     1B2F       22     365E       0
                text12                              801      801       27     1002       0
                text11                             1A6E     1A6E       1F     34DC       0
                text10                              1AC      1AC      62F      358       0
                text9                              140A     140A      1EA     2814       0
                text8                              1AAD     1AAD       20     355A       0
                text7                              1ACD     1ACD       20     359A       0
                text6                              1B0E     1B0E       21     361C       0
                text5                              19F1     19F1       15     33E2       0
                text4                              19D4     19D4        9     33A8       0
                text3                              1F63     1F63       9D     3EC6       0
                text2                              1B99     1B99       2E     3732       0
                text1                              1C2C     1C2C       41     3858       0
                maintext                            C0D      C0D      3F3     181A       0
                cstackBANK0                          20       20       50       20       1
                cstackCOMMON                         70       70        E       70       1
                cstackBANK1                          A0       A0       50       A0       1
                cstackBANK2                         120      120       4A      120       1
                clrtext                            19C8     19C8        6     3390       0
                inittext                           19CE     19CE        6     339C       0
                bssBANK4                            220      220       50      220       1
                dataBANK3                           1A0      1A0        9      1A0       1
                bssBANK3                            1A9      1A9        8      1A0       1
                bssBANK2                            16A      16A        5      120       1
                stringtext16                       188E     188E        3     3000       0
                stringtext15                       188A     188A        4     3000       0
                stringtext14                       1886     1886        4     3000       0
                stringtext13                       1881     1881        5     3000       0
                stringtext12                       187C     187C        5     3000       0
                stringtext11                       1876     1876        6     3000       0
                stringtext10                       186F     186F        7     3000       0
                stringtext9                        1867     1867        8     3000       0
                stringtext8                        185E     185E        9     3000       0
                stringtext7                        1852     1852        C     3000       0
                stringtext6                        1846     1846        C     3000       0
                stringtext5                        183A     183A        C     3000       0
                stringtext4                        182C     182C        E     3000       0
                stringtext3                        181E     181E        E     3000       0
                stringtext2                        180F     180F        F     3000       0
                stringtext1                        1800     1800        F     3000       0
                idataBANK3                         19DD     19DD        9     33BA       0

TOTAL           Name                               Link     Load   Length     Space
        CLASS   CODE           
                end_init                              2        2        2         0
                cinit                               7DB      7DB       25         0
                reset_vec                             0        0        2         0
                text43                              828      828      1AA         0
                text42                             1B51     1B51       23         0
                text41                              9D2      9D2      23B         0
                text40                             108A     108A       AA         0
                text39                             100A     100A       80         0
                text38                             1000     1000        A         0
                text37                             1D65     1D65       60         0
                text36                             1CBB     1CBB       53         0
                text35                             1BC7     1BC7       30         0
                text34                             1A06     1A06       17         0
                text33                             1A4F     1A4F       1F         0
                text32                             1A1D     1A1D       18         0
                text31                             1AED     1AED       21         0
                text30                             1ECF     1ECF       94         0
                text29                             1309     1309      101         0
                text28                             1134     1134       EA         0
                text27                             1A35     1A35       1A         0
                text26                                4        4        1         0
                text25                             1D0E     1D0E       57         0
                text24                             1B74     1B74       25         0
                text23                             1BF7     1BF7       35         0
                text22                               75       75      137         0
                text21                             1C6D     1C6D       4E         0
                text20                             1E44     1E44       8B         0
                text19                             19E6     19E6        B         0
                text18                             15F4     15F4      20C         0
                text17                             1A8D     1A8D       20         0
                text16                                5        5       70         0
                text15                             1DC5     1DC5       7F         0
                text14                             121E     121E       EB         0
                text13                             1B2F     1B2F       22         0
                text12                              801      801       27         0
                text11                             1A6E     1A6E       1F         0
                text10                              1AC      1AC      62F         0
                text9                              140A     140A      1EA         0
                text8                              1AAD     1AAD       20         0
                text7                              1ACD     1ACD       20         0
                text6                              1B0E     1B0E       21         0
                text5                              19F1     19F1       15         0
                text4                              19D4     19D4        9         0
                text3                              1F63     1F63       9D         0
                text2                              1B99     1B99       2E         0
                text1                              1C2C     1C2C       41         0
                maintext                            C0D      C0D      3F3         0
                clrtext                            19C8     19C8        6         0
                inittext                           19CE     19CE        6         0
                idataBANK3                         19DD     19DD        9         0

        CLASS   STRCODE        
                stringtext16                       188E     188E        3         0
                stringtext15                       188A     188A        4         0
                stringtext14                       1886     1886        4         0
                stringtext13                       1881     1881        5         0
                stringtext12                       187C     187C        5         0
                stringtext11                       1876     1876        6         0
                stringtext10                       186F     186F        7         0
                stringtext9                        1867     1867        8         0
                stringtext8                        185E     185E        9         0
                stringtext7                        1852     1852        C         0
                stringtext6                        1846     1846        C         0
                stringtext5                        183A     183A        C         0
                stringtext4                        182C     182C        E         0
                stringtext3                        181E     181E        E         0
                stringtext2                        180F     180F        F         0
                stringtext1                        1800     1800        F         0

        CLASS   STRING         

        CLASS   CONST          

        CLASS   ENTRY          

        CLASS   COMMON         
                cstackCOMMON                         70       70        E         1

        CLASS   BANK0          
                cstackBANK0                          20       20       50         1

        CLASS   BANK1          
                cstackBANK1                          A0       A0       50         1

        CLASS   BANK2          
                cstackBANK2                         120      120       4A         1
                bssBANK2                            16A      16A        5         1

        CLASS   BANK3          
                dataBANK3                           1A0      1A0        9         1
                bssBANK3                            1A9      1A9        8         1

        CLASS   BANK4          
                bssBANK4                            220      220       50         1

        CLASS   BANK5          

        CLASS   BANK6          

        CLASS   BIGRAM         

        CLASS   RAM            

        CLASS   ABS1           
                abs_s1                               7E       7E        2         1

        CLASS   SFR0           

        CLASS   SFR1           

        CLASS   SFR2           

        CLASS   SFR3           

        CLASS   SFR4           

        CLASS   SFR5           

        CLASS   SFR6           

        CLASS   SFR7           

        CLASS   SFR8           

        CLASS   SFR9           

        CLASS   SFR10          

        CLASS   SFR11          

        CLASS   SFR12          

        CLASS   SFR13          

        CLASS   SFR14          

        CLASS   SFR15          

        CLASS   SFR16          

        CLASS   SFR17          

        CLASS   SFR18          

        CLASS   SFR19          

        CLASS   SFR20          

        CLASS   SFR21          

        CLASS   SFR22          

        CLASS   SFR23          

        CLASS   SFR24          

        CLASS   SFR25          

        CLASS   SFR26          

        CLASS   SFR27          

        CLASS   SFR28          

        CLASS   SFR29          

        CLASS   SFR30          

        CLASS   SFR31          

        CLASS   CONFIG         
                config                             8007     8007        2         4

        CLASS   IDLOC          
                idloc                              8000     8000        4         5

        CLASS   EEDATA         

        CLASS   BANK31         

        CLASS   BANK30         

        CLASS   BANK29         

        CLASS   BANK28         

        CLASS   BANK27         

        CLASS   BANK26         

        CLASS   BANK25         

        CLASS   BANK24         

        CLASS   BANK23         

        CLASS   BANK22         

        CLASS   BANK21         

        CLASS   BANK20         

        CLASS   BANK19         

        CLASS   BANK18         

        CLASS   BANK17         

        CLASS   BANK16         

        CLASS   BANK15         

        CLASS   BANK14         

        CLASS   BANK13         

        CLASS   BANK12         

        CLASS   BANK11         

        CLASS   BANK10         

        CLASS   BANK9          

        CLASS   BANK8          

        CLASS   BANK7          

        CLASS   HEAP           

        CLASS   STACK          



SEGMENTS        Name                           Load    Length   Top    Selector   Space  Class     Delta

                reset_vec                      000000  000005  000005         0       0  CODE        2
                text16                         000005  000070  000075         A       0  CODE        2
                cstackBANK0                    000020  000050  000070        20       1  BANK0       1
                cstackCOMMON                   000070  00000E  00007E        70       1  COMMON      1
                cstackBANK1                    0000A0  000050  0000F0        A0       1  BANK1       1
                text22                         000075  000137  0001AC        EA       0  CODE        2
                cstackBANK2                    000120  00004F  00016F       120       1  BANK2       1
                dataBANK3                      0001A0  000011  0001B1       1A0       1  BANK3       1
                bssBANK4                       000220  000050  000270       220       1  BANK4       1
                text10                         0001AC  00062F  0007DB       358       0  CODE        2
                cinit                          0007DB  000025  000800       FB6       0  CODE        2
                text12                         000801  000027  000828      1002       0  CODE        2
                text43                         000828  0001AA  0009D2      1050       0  CODE        2
                text41                         0009D2  00023B  000C0D      13A4       0  CODE        2
                maintext                       000C0D  0003FD  00100A      181A       0  CODE        2
                text39                         00100A  000080  00108A      2014       0  CODE        2
                text40                         00108A  0000AA  001134      2114       0  CODE        2
                text28                         001134  0000EA  00121E      2268       0  CODE        2
                text14                         00121E  0000EB  001309      243C       0  CODE        2
                text29                         001309  000101  00140A      2612       0  CODE        2
                text9                          00140A  0001EA  0015F4      2814       0  CODE        2
                text18                         0015F4  00020C  001800      2BE8       0  CODE        2
                stringtext1                    001800  000091  001891      3000       0  STRCODE     2
                clrtext                        0019C8  000006  0019CE      3390       0  CODE        2
                inittext                       0019CE  000006  0019D4      339C       0  CODE        2
                text4                          0019D4  000009  0019DD      33A8       0  CODE        2
                idataBANK3                     0019DD  000009  0019E6      33BA       0  CODE        2
                text19                         0019E6  00000B  0019F1      33CC       0  CODE        2
                text5                          0019F1  000015  001A06      33E2       0  CODE        2
                text34                         001A06  000017  001A1D      340C       0  CODE        2
                text32                         001A1D  000018  001A35      343A       0  CODE        2
                text27                         001A35  00001A  001A4F      346A       0  CODE        2
                text33                         001A4F  00001F  001A6E      349E       0  CODE        2
                text11                         001A6E  00001F  001A8D      34DC       0  CODE        2
                text17                         001A8D  000020  001AAD      351A       0  CODE        2
                text8                          001AAD  000020  001ACD      355A       0  CODE        2
                text7                          001ACD  000020  001AED      359A       0  CODE        2
                text31                         001AED  000021  001B0E      35DA       0  CODE        2
                text6                          001B0E  000021  001B2F      361C       0  CODE        2
                text13                         001B2F  000022  001B51      365E       0  CODE        2
                text42                         001B51  000023  001B74      36A2       0  CODE        2
                text24                         001B74  000025  001B99      36E8       0  CODE        2
                text2                          001B99  00002E  001BC7      3732       0  CODE        2
                text35                         001BC7  000030  001BF7      378E       0  CODE        2
                text23                         001BF7  000035  001C2C      37EE       0  CODE        2
                text1                          001C2C  000041  001C6D      3858       0  CODE        2
                text21                         001C6D  00004E  001CBB      38DA       0  CODE        2
                text36                         001CBB  000053  001D0E      3976       0  CODE        2
                text25                         001D0E  000057  001D65      3A1C       0  CODE        2
                text37                         001D65  000060  001DC5      3ACA       0  CODE        2
                text15                         001DC5  00007F  001E44      3B8A       0  CODE        2
                text20                         001E44  00008B  001ECF      3C88       0  CODE        2
                text30                         001ECF  000094  001F63      3D9E       0  CODE        2
                text3                          001F63  00009D  002000      3EC6       0  CODE        2


UNUSED ADDRESS RANGES

        Name                Unused          Largest block    Delta
        BANK2            0016F-0016F               1           1
        BANK3            001B1-001EF              3F           1
        BANK5            002A0-002EF              50           1
        BANK6            00320-0032F              10           1
        BIGRAM           02000-021EF             1F0           1
        CODE             00800-00800               1           2
                         01891-019C7             137
        CONST            00800-00800               1           2
                         01891-019C7              6F
        EEDATA           0F000-0F0FF             100           2
        ENTRY            00800-00800               1           2
                         01891-019C7              6F
        RAM              0016F-0016F               1           1
                         001B1-001EF              3F
                         002A0-002EF              50
                         00320-0032F              10
        SFR0             00000-0001F              20           1
        SFR1             00080-0009F              20           1
        SFR10            00500-0056F              70           1
        SFR11            00580-005EF              70           1
        SFR12            00600-0066F              70           1
        SFR13            00680-006EF              70           1
        SFR14            00700-0076F              70           1
        SFR15            00780-007EF              70           1
        SFR16            00800-0086F              70           1
        SFR17            00880-008EF              70           1
        SFR18            00900-0096F              70           1
        SFR19            00980-009EF              70           1
        SFR2             00100-0011F              20           1
        SFR20            00A00-00A6F              70           1
        SFR21            00A80-00AEF              70           1
        SFR22            00B00-00B6F              70           1
        SFR23            00B80-00BEF              70           1
        SFR24            00C00-00C6F              70           1
        SFR25            00C80-00CEF              70           1
        SFR26            00D00-00D6F              70           1
        SFR27            00D80-00DEF              70           1
        SFR28            00E00-00E6F              70           1
        SFR29            00E80-00EEF              70           1
        SFR3             00180-0019F              20           1
        SFR30            00F00-00F6F              70           1
        SFR31            00F80-00FEF              70           1
        SFR4             00200-0021F              20           1
        SFR5             00280-0029F              20           1
        SFR6             00300-0031F              20           1
        SFR7             00380-003EF              70           1
        SFR8             00400-0046F              70           1
        SFR9             00480-004EF              70           1
        STRCODE          00800-00800               1           2
                         01891-019C7             137
        STRING           00800-00800               1           2
                         01891-019C7              6F

                                  Symbol Table

?_ADC_Convert              cstackBANK0  00054
?__Umul8_16                cstackCOMMON 00070
?___aodiv                  cstackBANK0  00020
?___aomod                  cstackBANK0  00020
?___awdiv                  cstackCOMMON 00077
?___awmod                  cstackCOMMON 00070
?___fladd                  cstackCOMMON 00070
?___fldiv                  cstackBANK0  0003A
?___flmul                  cstackBANK0  00020
?___flneg                  cstackCOMMON 00070
?___flsub                  cstackBANK0  0003A
?___fltol                  cstackCOMMON 00070
?___fpclassifyf            cstackCOMMON 00070
?___wmul                   cstackCOMMON 00073
?___xxtofl                 cstackCOMMON 00070
?_abs                      cstackCOMMON 00073
?_atoi                     cstackCOMMON 00079
?_floorf                   cstackBANK0  00054
?_getInteger               cstackCOMMON 00070
?_isdigit                  cstackCOMMON 00070
?_isspace                  cstackCOMMON 00070
?_labs                     cstackCOMMON 00070
?_sprintf                  cstackBANK1  000E7
?_vfprintf                 cstackBANK1  000E1
ADC_Convert@chan           cstackBANK0  00054
ADC_Convert@result         cstackBANK0  0005E
ADC_Convert@voltage        cstackBANK0  0005A
_ADCON0bits                (abs)        0009D
_ADCON1bits                (abs)        0009E
_ADC_Convert               text39       0100A
_ADC_init                  text38       01000
_ADRESH                    (abs)        0009C
_ADRESL                    (abs)        0009B
_ANSELA                    (abs)        0018C
_ANSELD                    (abs)        0018F
_LATB                      (abs)        0010D
_LATCbits                  (abs)        0010E
_LATDbits                  (abs)        0010F
_PORTCbits                 (abs)        0000E
_PORTDbits                 (abs)        0000F
_TRISA                     (abs)        0008C
_TRISB                     (abs)        0008D
_TRISC                     (abs)        0008E
_TRISD                     (abs)        0008F
__Habs1                    abs1         00000
__Hbank0                   bank0        00000
__Hbank1                   bank1        00000
__Hbank10                  bank10       00000
__Hbank11                  bank11       00000
__Hbank12                  bank12       00000
__Hbank13                  bank13       00000
__Hbank14                  bank14       00000
__Hbank15                  bank15       00000
__Hbank16                  bank16       00000
__Hbank17                  bank17       00000
__Hbank18                  bank18       00000
__Hbank19                  bank19       00000
__Hbank2                   bank2        00000
__Hbank20                  bank20       00000
__Hbank21                  bank21       00000
__Hbank22                  bank22       00000
__Hbank23                  bank23       00000
__Hbank24                  bank24       00000
__Hbank25                  bank25       00000
__Hbank26                  bank26       00000
__Hbank27                  bank27       00000
__Hbank28                  bank28       00000
__Hbank29                  bank29       00000
__Hbank3                   bank3        00000
__Hbank30                  bank30       00000
__Hbank31                  bank31       00000
__Hbank4                   bank4        00000
__Hbank5                   bank5        00000
__Hbank6                   bank6        00000
__Hbank7                   bank7        00000
__Hbank8                   bank8        00000
__Hbank9                   bank9        00000
__Hbigram                  bigram       00000
__HbssBANK2                bssBANK2     00000
__HbssBANK3                bssBANK3     00000
__HbssBANK4                bssBANK4     00000
__Hcinit                   cinit        00800
__Hclrtext                 clrtext      00000
__Hcode                    code         00000
__Hcommon                  common       00000
__Hconfig                  config       08009
__HcstackBANK0             cstackBANK0  00000
__HcstackBANK1             cstackBANK1  00000
__HcstackBANK2             cstackBANK2  00000
__HcstackCOMMON            cstackCOMMON 00000
__HdataBANK3               dataBANK3    00000
__Heeprom_data             eeprom_data  00000
__Hend_init                end_init     00004
__Hfunctab                 functab      00000
__Hheap                    heap         00000
__HidataBANK3              idataBANK3   00000
__Hidloc                   idloc        08004
__Hinit                    init         00002
__Hinittext                inittext     00000
__Hintentry                intentry     00002
__Hmaintext                maintext     00000
__Hpowerup                 powerup      00000
__Hram                     ram          00000
__Hreset_vec               reset_vec    00002
__Hsfr0                    sfr0         00000
__Hsfr1                    sfr1         00000
__Hsfr10                   sfr10        00000
__Hsfr11                   sfr11        00000
__Hsfr12                   sfr12        00000
__Hsfr13                   sfr13        00000
__Hsfr14                   sfr14        00000
__Hsfr15                   sfr15        00000
__Hsfr16                   sfr16        00000
__Hsfr17                   sfr17        00000
__Hsfr18                   sfr18        00000
__Hsfr19                   sfr19        00000
__Hsfr2                    sfr2         00000
__Hsfr20                   sfr20        00000
__Hsfr21                   sfr21        00000
__Hsfr22                   sfr22        00000
__Hsfr23                   sfr23        00000
__Hsfr24                   sfr24        00000
__Hsfr25                   sfr25        00000
__Hsfr26                   sfr26        00000
__Hsfr27                   sfr27        00000
__Hsfr28                   sfr28        00000
__Hsfr29                   sfr29        00000
__Hsfr3                    sfr3         00000
__Hsfr30                   sfr30        00000
__Hsfr31                   sfr31        00000
__Hsfr4                    sfr4         00000
__Hsfr5                    sfr5         00000
__Hsfr6                    sfr6         00000
__Hsfr7                    sfr7         00000
__Hsfr8                    sfr8         00000
__Hsfr9                    sfr9         00000
__Hspace_0                 (abs)        02000
__Hspace_1                 (abs)        00270
__Hspace_2                 (abs)        00000
__Hspace_3                 (abs)        00000
__Hspace_4                 (abs)        10010
__Hstack                   stack        00000
__Hstrings                 strings      00000
__Hstringtext1             stringtext1  00000
__Hstringtext10            stringtext10 00000
__Hstringtext11            stringtext11 00000
__Hstringtext12            stringtext12 00000
__Hstringtext13            stringtext13 00000
__Hstringtext14            stringtext14 00000
__Hstringtext15            stringtext15 00000
__Hstringtext16            stringtext16 00000
__Hstringtext17            stringtext17 00000
__Hstringtext2             stringtext2  00000
__Hstringtext3             stringtext3  00000
__Hstringtext4             stringtext4  00000
__Hstringtext5             stringtext5  00000
__Hstringtext6             stringtext6  00000
__Hstringtext7             stringtext7  00000
__Hstringtext8             stringtext8  00000
__Hstringtext9             stringtext9  00000
__Htext                    text         00000
__Labs1                    abs1         00000
__Lbank0                   bank0        00000
__Lbank1                   bank1        00000
__Lbank10                  bank10       00000
__Lbank11                  bank11       00000
__Lbank12                  bank12       00000
__Lbank13                  bank13       00000
__Lbank14                  bank14       00000
__Lbank15                  bank15       00000
__Lbank16                  bank16       00000
__Lbank17                  bank17       00000
__Lbank18                  bank18       00000
__Lbank19                  bank19       00000
__Lbank2                   bank2        00000
__Lbank20                  bank20       00000
__Lbank21                  bank21       00000
__Lbank22                  bank22       00000
__Lbank23                  bank23       00000
__Lbank24                  bank24       00000
__Lbank25                  bank25       00000
__Lbank26                  bank26       00000
__Lbank27                  bank27       00000
__Lbank28                  bank28       00000
__Lbank29                  bank29       00000
__Lbank3                   bank3        00000
__Lbank30                  bank30       00000
__Lbank31                  bank31       00000
__Lbank4                   bank4        00000
__Lbank5                   bank5        00000
__Lbank6                   bank6        00000
__Lbank7                   bank7        00000
__Lbank8                   bank8        00000
__Lbank9                   bank9        00000
__Lbigram                  bigram       00000
__LbssBANK2                bssBANK2     00000
__LbssBANK3                bssBANK3     00000
__LbssBANK4                bssBANK4     00000
__Lcinit                   cinit        007DB
__Lclrtext                 clrtext      00000
__Lcode                    code         00000
__Lcommon                  common       00000
__Lconfig                  config       00000
__LcstackBANK0             cstackBANK0  00000
__LcstackBANK1             cstackBANK1  00000
__LcstackBANK2             cstackBANK2  00000
__LcstackCOMMON            cstackCOMMON 00000
__LdataBANK3               dataBANK3    00000
__Leeprom_data             eeprom_data  00000
__Lend_init                end_init     00002
__Lfunctab                 functab      00000
__Lheap                    heap         00000
__LidataBANK3              idataBANK3   00000
__Lidloc                   idloc        00000
__Linit                    init         00002
__Linittext                inittext     00000
__Lintentry                intentry     00002
__Lmaintext                maintext     00000
__Lpowerup                 powerup      00000
__Lram                     ram          00000
__Lreset_vec               reset_vec    00000
__Lsfr0                    sfr0         00000
__Lsfr1                    sfr1         00000
__Lsfr10                   sfr10        00000
__Lsfr11                   sfr11        00000
__Lsfr12                   sfr12        00000
__Lsfr13                   sfr13        00000
__Lsfr14                   sfr14        00000
__Lsfr15                   sfr15        00000
__Lsfr16                   sfr16        00000
__Lsfr17                   sfr17        00000
__Lsfr18                   sfr18        00000
__Lsfr19                   sfr19        00000
__Lsfr2                    sfr2         00000
__Lsfr20                   sfr20        00000
__Lsfr21                   sfr21        00000
__Lsfr22                   sfr22        00000
__Lsfr23                   sfr23        00000
__Lsfr24                   sfr24        00000
__Lsfr25                   sfr25        00000
__Lsfr26                   sfr26        00000
__Lsfr27                   sfr27        00000
__Lsfr28                   sfr28        00000
__Lsfr29                   sfr29        00000
__Lsfr3                    sfr3         00000
__Lsfr30                   sfr30        00000
__Lsfr31                   sfr31        00000
__Lsfr4                    sfr4         00000
__Lsfr5                    sfr5         00000
__Lsfr6                    sfr6         00000
__Lsfr7                    sfr7         00000
__Lsfr8                    sfr8         00000
__Lsfr9                    sfr9         00000
__Lspace_0                 (abs)        00000
__Lspace_1                 (abs)        00000
__Lspace_2                 (abs)        00000
__Lspace_3                 (abs)        00000
__Lspace_4                 (abs)        00000
__Lstack                   stack        00000
__Lstrings                 strings      00000
__Lstringtext1             stringtext1  00000
__Lstringtext10            stringtext10 00000
__Lstringtext11            stringtext11 00000
__Lstringtext12            stringtext12 00000
__Lstringtext13            stringtext13 00000
__Lstringtext14            stringtext14 00000
__Lstringtext15            stringtext15 00000
__Lstringtext16            stringtext16 00000
__Lstringtext17            stringtext17 00000
__Lstringtext2             stringtext2  00000
__Lstringtext3             stringtext3  00000
__Lstringtext4             stringtext4  00000
__Lstringtext5             stringtext5  00000
__Lstringtext6             stringtext6  00000
__Lstringtext7             stringtext7  00000
__Lstringtext8             stringtext8  00000
__Lstringtext9             stringtext9  00000
__Ltext                    text         00000
__S0                       (abs)        02000
__S1                       (abs)        00270
__S3                       (abs)        00000
__Umul8_16                 text42       01B51
__Umul8_16@multiplicand    cstackCOMMON 00070
__Umul8_16@multiplier      cstackCOMMON 00078
__Umul8_16@product         cstackCOMMON 00074
__Umul8_16@word_mpld       cstackCOMMON 00076
___aodiv                   text29       01309
___aodiv@counter           cstackCOMMON 00071
___aodiv@dividend          cstackBANK0  00028
___aodiv@divisor           cstackBANK0  00020
___aodiv@quotient          cstackCOMMON 00073
___aodiv@sign              cstackCOMMON 00072
___aomod                   text28       01134
___aomod@counter           cstackCOMMON 00071
___aomod@dividend          cstackBANK0  00028
___aomod@divisor           cstackBANK0  00020
___aomod@sign              cstackCOMMON 00072
___awdiv                   text37       01D65
___awdiv@counter           cstackBANK0  00020
___awdiv@dividend          cstackCOMMON 00079
___awdiv@divisor           cstackCOMMON 00077
___awdiv@quotient          cstackBANK0  00022
___awdiv@sign              cstackBANK0  00021
___awmod                   text36       01CBB
___awmod@counter           cstackCOMMON 00075
___awmod@dividend          cstackCOMMON 00072
___awmod@divisor           cstackCOMMON 00070
___awmod@sign              cstackCOMMON 00076
___fladd                   text18       015F4
___fladd@a                 cstackCOMMON 00074
___fladd@aexp              cstackCOMMON 00079
___fladd@b                 cstackCOMMON 00070
___fladd@bexp              cstackCOMMON 0007A
___fladd@grs               cstackCOMMON 0007B
___fladd@signs             cstackCOMMON 00078
___fldiv                   text43       00828
___fldiv@a                 cstackBANK0  0003A
___fldiv@aexp              cstackBANK0  00053
___fldiv@b                 cstackBANK0  0003E
___fldiv@bexp              cstackBANK0  00052
___fldiv@grs               cstackBANK0  0004E
___fldiv@new_exp           cstackBANK0  0004C
___fldiv@rem               cstackBANK0  00047
___fldiv@sign              cstackBANK0  0004B
___fleq                    text21       01C6D
___fleq@ff1                cstackCOMMON 00070
___fleq@ff2                cstackCOMMON 00074
___flge                    text20       01E44
___flge@ff1                cstackBANK0  0003A
___flge@ff2                cstackBANK0  0003E
___flmul                   text41       009D2
___flmul@a                 cstackBANK0  00024
___flmul@aexp              cstackBANK0  00032
___flmul@b                 cstackBANK0  00020
___flmul@bexp              cstackBANK0  00033
___flmul@grs               cstackBANK0  0002E
___flmul@prod              cstackBANK0  00034
___flmul@sign              cstackBANK0  0002D
___flmul@temp              cstackBANK0  00038
___flneg                   text19       019E6
___flneg@f1                cstackCOMMON 00070
___flsub                   text17       01A8D
___flsub@a                 cstackBANK0  0003A
___flsub@b                 cstackBANK0  0003E
___fltol                   text16       00005
___fltol@exp1              cstackCOMMON 00079
___fltol@f1                cstackCOMMON 00070
___fltol@sign1             cstackCOMMON 00078
___fpclassifyf             text15       01DC5
___fpclassifyf@F465        bssBANK3     001AD
___fpclassifyf@e           cstackBANK0  00020
___fpclassifyf@u           cstackBANK0  00022
___fpclassifyf@x           cstackCOMMON 00070
___heap_hi                 (abs)        00000
___heap_lo                 (abs)        00000
___int_sp                  stack        00000
___latbits                 (abs)        00002
___sp                      stack        00000
___stackhi                 (abs)        00000
___stacklo                 (abs)        00000
___wmul                    text33       01A4F
___wmul@multiplicand       cstackCOMMON 00075
___wmul@multiplier         cstackCOMMON 00073
___wmul@product            cstackCOMMON 00077
___xxtofl                  text40       0108A
___xxtofl@arg              cstackCOMMON 0007A
___xxtofl@exp              cstackCOMMON 00079
___xxtofl@sign             cstackCOMMON 00078
___xxtofl@val              cstackCOMMON 00070
__end_of_ADC_Convert       text39       0108A
__end_of_ADC_init          text38       0100A
__end_of__Umul8_16         text42       01B74
__end_of___aodiv           text29       0140A
__end_of___aomod           text28       0121E
__end_of___awdiv           text37       01DC5
__end_of___awmod           text36       01D0E
__end_of___fladd           text18       01800
__end_of___fldiv           text43       009D2
__end_of___fleq            text21       01CBB
__end_of___flge            text20       01ECF
__end_of___flmul           text41       00C0D
__end_of___flneg           text19       019F1
__end_of___flsub           text17       01AAD
__end_of___fltol           text16       00075
__end_of___fpclassifyf     text15       01E44
__end_of___wmul            text33       01A6E
__end_of___xxtofl          text40       01134
__end_of__initialization   cinit        007FD
__end_of_abs               text27       01A4F
__end_of_atoi              text30       01F63
__end_of_display_float     text6        01B2F
__end_of_display_int       text5        01A06
__end_of_dtoa              text22       001AC
__end_of_efgtoa            text10       007DB
__end_of_floorf            text14       01309
__end_of_fputc             text25       01D65
__end_of_fputs             text24       01B99
__end_of_getInteger        text4        019DD
__end_of_isdigit           text32       01A35
__end_of_isspace           text31       01B0E
__end_of_keypad            text3        02000
__end_of_labs              text13       01B51
__end_of_lcd_DisplayString text34       01A1D
__end_of_lcd_char          text35       01BF7
__end_of_lcd_cmd           text2        01BC7
__end_of_lcd_init          text1        01C6D
__end_of_main              maintext     01000
__end_of_memcpy            text12       00828
__end_of_pad               text23       01C2C
__end_of_putch             text26       00005
__end_of_sprintf           text7        01AED
__end_of_strcpy            text11       01A8D
__end_of_vfpfcnvrt         text9        015F4
__end_of_vfprintf          text8        01ACD
__initialization           cinit        007DB
__pbssBANK2                bssBANK2     0016A
__pbssBANK3                bssBANK3     001A9
__pbssBANK4                bssBANK4     00220
__pcstackBANK0             cstackBANK0  00020
__pcstackBANK1             cstackBANK1  000A0
__pcstackBANK2             cstackBANK2  00120
__pcstackCOMMON            cstackCOMMON 00070
__pdataBANK3               dataBANK3    001A0
__pidataBANK3              idataBANK3   019DD
__pmaintext                maintext     00C0D
__pstringtext1             stringtext1  01800
__pstringtext10            stringtext10 0186F
__pstringtext11            stringtext11 01876
__pstringtext12            stringtext12 0187C
__pstringtext13            stringtext13 01881
__pstringtext14            stringtext14 01886
__pstringtext15            stringtext15 0188A
__pstringtext16            stringtext16 0188E
__pstringtext17            stringtext17 00000
__pstringtext2             stringtext2  0180F
__pstringtext3             stringtext3  0181E
__pstringtext4             stringtext4  0182C
__pstringtext5             stringtext5  0183A
__pstringtext6             stringtext6  01846
__pstringtext7             stringtext7  01852
__pstringtext8             stringtext8  0185E
__pstringtext9             stringtext9  01867
__ptext1                   text1        01C2C
__ptext10                  text10       001AC
__ptext11                  text11       01A6E
__ptext12                  text12       00801
__ptext13                  text13       01B2F
__ptext14                  text14       0121E
__ptext15                  text15       01DC5
__ptext16                  text16       00005
__ptext17                  text17       01A8D
__ptext18                  text18       015F4
__ptext19                  text19       019E6
__ptext2                   text2        01B99
__ptext20                  text20       01E44
__ptext21                  text21       01C6D
__ptext22                  text22       00075
__ptext23                  text23       01BF7
__ptext24                  text24       01B74
__ptext25                  text25       01D0E
__ptext26                  text26       00004
__ptext27                  text27       01A35
__ptext28                  text28       01134
__ptext29                  text29       01309
__ptext3                   text3        01F63
__ptext30                  text30       01ECF
__ptext31                  text31       01AED
__ptext32                  text32       01A1D
__ptext33                  text33       01A4F
__ptext34                  text34       01A06
__ptext35                  text35       01BC7
__ptext36                  text36       01CBB
__ptext37                  text37       01D65
__ptext38                  text38       01000
__ptext39                  text39       0100A
__ptext4                   text4        019D4
__ptext40                  text40       0108A
__ptext41                  text41       009D2
__ptext42                  text42       01B51
__ptext43                  text43       00828
__ptext5                   text5        019F1
__ptext6                   text6        01B0E
__ptext7                   text7        01ACD
__ptext8                   text8        01AAD
__ptext9                   text9        0140A
_abs                       text27       01A35
_atoi                      text30       01ECF
_dbuf                      bssBANK4     00220
_display_float             text6        01B0E
_display_int               text5        019F1
_dtoa                      text22       00075
_dtoa$912                  cstackBANK0  00039
_efgtoa                    text10       001AC
_efgtoa$943                cstackBANK1  000AA
_flags                     bssBANK2     0016E
_floorf                    text14       0121E
_fputc                     text25       01D0E
_fputs                     text24       01B74
_getInteger                text4        019D4
_isdigit                   text32       01A1D
_isspace                   text31       01AED
_isspace$1023              cstackCOMMON 00074
_keypad                    text3        01F63
_labs                      text13       01B2F
_lcd_DisplayString         text34       01A06
_lcd_char                  text35       01BC7
_lcd_cmd                   text2        01B99
_lcd_init                  text1        01C2C
_main                      maintext     00C0D
_memcpy                    text12       00801
_pad                       text23       01BF7
_prec                      bssBANK2     0016C
_putch                     text26       00004
_sprintf                   text7        01ACD
_strcpy                    text11       01A6E
_vfpfcnvrt                 text9        0140A
_vfprintf                  text8        01AAD
_width                     bssBANK2     0016A
abs@a                      cstackCOMMON 00073
atoi@n                     cstackBANK0  00022
atoi@neg                   cstackBANK0  00020
atoi@s                     cstackCOMMON 00079
btemp                      (abs)        0007E
clear_ram0                 clrtext      019C8
display_float@num          cstackBANK2  0012C
display_float@str          cstackBANK2  00130
display_int@num            cstackBANK1  000EE
display_int@str            cstackBANK2  0012C
dtoa@d                     cstackBANK0  00030
dtoa@fp                    cstackBANK0  0003B
dtoa@i                     cstackBANK0  00048
dtoa@n                     cstackBANK0  00040
dtoa@p                     cstackBANK0  0003C
dtoa@s                     cstackBANK0  0004A
dtoa@w                     cstackBANK0  0003E
efgtoa@c                   cstackBANK0  0006C
efgtoa@d                   cstackBANK1  000AF
efgtoa@e                   cstackBANK1  000B4
efgtoa@f                   cstackBANK0  00068
efgtoa@fp                  cstackBANK1  000B3
efgtoa@g                   cstackBANK1  000C9
efgtoa@h                   cstackBANK1  000BE
efgtoa@i                   cstackBANK1  000BC
efgtoa@l                   cstackBANK1  000C2
efgtoa@m                   cstackBANK1  000B1
efgtoa@mode                cstackBANK1  000AD
efgtoa@n                   cstackBANK1  000C7
efgtoa@ne                  cstackBANK1  000A4
efgtoa@nmode               cstackBANK1  000AE
efgtoa@ou                  cstackBANK1  000B8
efgtoa@p                   cstackBANK1  000A6
efgtoa@pp                  cstackBANK1  000AC
efgtoa@sign                cstackBANK1  000C6
efgtoa@t                   cstackBANK1  000A8
efgtoa@u                   cstackBANK1  000CD
efgtoa@w                   cstackBANK1  000B6
end_of_initialization      cinit        007FD
floorf@F526                bssBANK3     001A9
floorf@e                   cstackBANK0  00062
floorf@m                   cstackBANK0  0005E
floorf@u                   cstackBANK0  00064
floorf@x                   cstackBANK0  00054
fputc@c                    cstackCOMMON 00070
fputc@fp                   cstackCOMMON 00072
fputs@c                    cstackBANK0  00020
fputs@fp                   cstackCOMMON 00078
fputs@i                    cstackBANK0  00021
fputs@s                    cstackBANK0  00023
getInteger@num             cstackCOMMON 00072
init_ram                   inittext     019CE
intlevel0                  functab      00000
intlevel1                  functab      00000
intlevel2                  functab      00000
intlevel3                  functab      00000
intlevel4                  functab      00000
intlevel5                  functab      00000
isdigit@c                  cstackCOMMON 00070
isspace@c                  cstackCOMMON 00070
labs@a                     cstackCOMMON 00070
lcd_DisplayString@str      cstackCOMMON 00072
lcd_char@c                 cstackCOMMON 00071
lcd_cmd@cmd                cstackCOMMON 00071
main@F3469                 dataBANK3    001A6
main@F3471                 dataBANK3    001A0
main@currentTemperature    cstackBANK2  00151
main@hr                    cstackBANK2  00159
main@inputTemp             cstackBANK2  00167
main@inputTemperature      cstackBANK2  0014C
main@inputTime             cstackBANK2  0015D
main@key                   cstackBANK2  00166
main@ldrVoltage            cstackBANK2  00148
main@min                   cstackBANK2  0015B
main@seconds               cstackBANK2  00163
main@start                 cstackBANK2  00150
main@temp                  cstackBANK2  00157
main@tempBool              cstackBANK2  00155
main@tempVoltage           cstackBANK2  00144
main@timeBool              cstackBANK2  00156
main@v                     cstackBANK2  00165
memcpy@d                   cstackCOMMON 00076
memcpy@d1                  cstackCOMMON 00075
memcpy@n                   cstackCOMMON 00071
memcpy@s                   cstackCOMMON 00077
memcpy@s1                  cstackCOMMON 00070
memcpy@tmp                 cstackCOMMON 00074
pad@buf                    cstackCOMMON 0007B
pad@fp                     cstackBANK0  00029
pad@i                      cstackBANK0  00025
pad@p                      cstackCOMMON 0007C
pad@w                      cstackBANK0  00027
reset_vec                  reset_vec    00000
sprintf@ap                 cstackBANK2  00121
sprintf@f                  cstackBANK2  00122
sprintf@fmt                cstackBANK1  000E7
sprintf@s                  cstackBANK2  00120
start                      init         00002
start_initialization       cinit        007DB
strcpy@d                   cstackCOMMON 00076
strcpy@dest                cstackCOMMON 00077
strcpy@s                   cstackCOMMON 00074
strcpy@src                 cstackCOMMON 00070
vfpfcnvrt@ap               cstackBANK0  0006E
vfpfcnvrt@c                cstackBANK1  000DD
vfpfcnvrt@convarg          cstackBANK1  000D5
vfpfcnvrt@cp               cstackBANK1  000DF
vfpfcnvrt@fmt              cstackBANK0  0006D
vfpfcnvrt@fp               cstackBANK1  000DE
vfprintf@ap                cstackBANK1  000E3
vfprintf@cfmt              cstackBANK1  000E5
vfprintf@fmt               cstackBANK1  000E1
vfprintf@fp                cstackBANK1  000E4
wtemp0                     (abs)        0007E


MODULE INFORMATION

Module		Function		Class		Link	Load	Size
C:\Program Files\Microchip\xc8\v2.40\pic\sources\c99\common\sprcmul.c
		___flmul       		CODE           	09D2	0000	571

C:\Program Files\Microchip\xc8\v2.40\pic\sources\c99\common\sprcmul.c estimated size: 571

C:\Program Files\Microchip\xc8\v2.40\pic\sources\c99\common\nf_fputc.c
		_fputc         		CODE           	1D0E	0000	87

C:\Program Files\Microchip\xc8\v2.40\pic\sources\c99\common\nf_fputc.c estimated size: 87

C:\Program Files\Microchip\xc8\v2.40\pic\sources\c99\common\sprcdiv.c
		___fldiv       		CODE           	0828	0000	426

C:\Program Files\Microchip\xc8\v2.40\pic\sources\c99\common\sprcdiv.c estimated size: 426

C:\Program Files\Microchip\xc8\v2.40\pic\sources\c99\common\nf_sprintf.c
		_sprintf       		CODE           	1ACD	0000	32

C:\Program Files\Microchip\xc8\v2.40\pic\sources\c99\common\nf_sprintf.c estimated size: 32

C:\Program Files\Microchip\xc8\v2.40\pic\sources\c99\common\memcpy.c
		_memcpy        		CODE           	0801	0000	39

C:\Program Files\Microchip\xc8\v2.40\pic\sources\c99\common\memcpy.c estimated size: 39

C:\Program Files\Microchip\xc8\v2.40\pic\sources\c99\common\awdiv.c
		___awdiv       		CODE           	1D65	0000	96

C:\Program Files\Microchip\xc8\v2.40\pic\sources\c99\common\awdiv.c estimated size: 96

C:\Program Files\Microchip\xc8\v2.40\pic\sources\c99\common\fltol.c
		___fltol       		CODE           	0005	0000	112

C:\Program Files\Microchip\xc8\v2.40\pic\sources\c99\common\fltol.c estimated size: 112

C:\Program Files\Microchip\xc8\v2.40\pic\sources\c99\common\isspace.c
		_isspace       		CODE           	1AED	0000	33

C:\Program Files\Microchip\xc8\v2.40\pic\sources\c99\common\isspace.c estimated size: 33

C:\Program Files\Microchip\xc8\v2.40\pic\sources\c99\common\atoi.c
		_atoi          		CODE           	1ECF	0000	148

C:\Program Files\Microchip\xc8\v2.40\pic\sources\c99\common\atoi.c estimated size: 148

C:\Program Files\Microchip\xc8\v2.40\pic\sources\c99\common\Umul16.c
		___wmul        		CODE           	1A4F	0000	31

C:\Program Files\Microchip\xc8\v2.40\pic\sources\c99\common\Umul16.c estimated size: 31

C:\Program Files\Microchip\xc8\v2.40\pic\sources\c99\common\fleq.c
		___fleq        		CODE           	1C6D	0000	78

C:\Program Files\Microchip\xc8\v2.40\pic\sources\c99\common\fleq.c estimated size: 78

C:\Program Files\Microchip\xc8\v2.40\pic\sources\c99\common\abs.c
		_abs           		CODE           	1A35	0000	26

C:\Program Files\Microchip\xc8\v2.40\pic\sources\c99\common\abs.c estimated size: 26

C:\Program Files\Microchip\xc8\v2.40\pic\sources\c99\common\__fpclassifyf.c
		___fpclassifyf 		CODE           	1DC5	0000	127

C:\Program Files\Microchip\xc8\v2.40\pic\sources\c99\common\__fpclassifyf.c estimated size: 127

C:\Program Files\Microchip\xc8\v2.40\pic\sources\c99\common\isdigit.c
		_isdigit       		CODE           	1A1D	0000	24

C:\Program Files\Microchip\xc8\v2.40\pic\sources\c99\common\isdigit.c estimated size: 24

C:\Program Files\Microchip\xc8\v2.40\pic\sources\c99\common\sprcadd.c
		___flsub       		CODE           	1A8D	0000	32
		___fladd       		CODE           	15F4	0000	524

C:\Program Files\Microchip\xc8\v2.40\pic\sources\c99\common\sprcadd.c estimated size: 556

C:\Program Files\Microchip\xc8\v2.40\pic\sources\c99\common\floorf.c
		_floorf        		CODE           	121E	0000	235

C:\Program Files\Microchip\xc8\v2.40\pic\sources\c99\common\floorf.c estimated size: 235

C:\Program Files\Microchip\xc8\v2.40\pic\sources\c99\common\flneg.c
		___flneg       		CODE           	19E6	0000	11

C:\Program Files\Microchip\xc8\v2.40\pic\sources\c99\common\flneg.c estimated size: 11

C:\Program Files\Microchip\xc8\v2.40\pic\sources\c99\common\labs.c
		_labs          		CODE           	1B2F	0000	34

C:\Program Files\Microchip\xc8\v2.40\pic\sources\c99\common\labs.c estimated size: 34

C:\Program Files\Microchip\xc8\v2.40\pic\sources\c99\common\xxtofl.c
		___xxtofl      		CODE           	108A	0000	170

C:\Program Files\Microchip\xc8\v2.40\pic\sources\c99\common\xxtofl.c estimated size: 170

C:\Program Files\Microchip\xc8\v2.40\pic\sources\c99\common\nf_fputs.c
		_fputs         		CODE           	1B74	0000	37

C:\Program Files\Microchip\xc8\v2.40\pic\sources\c99\common\nf_fputs.c estimated size: 37

C:\Program Files\Microchip\xc8\v2.40\pic\sources\c99\common\aomod.c
		___aomod       		CODE           	1134	0000	234

C:\Program Files\Microchip\xc8\v2.40\pic\sources\c99\common\aomod.c estimated size: 234

shared
		__initialization		CODE           	07DB	0000	34

shared estimated size: 34

C:\Program Files\Microchip\xc8\v2.40\pic\sources\c99\common\strcpy.c
		_strcpy        		CODE           	1A6E	0000	31

C:\Program Files\Microchip\xc8\v2.40\pic\sources\c99\common\strcpy.c estimated size: 31

C:\Program Files\Microchip\xc8\v2.40\pic\sources\c99\common\flge.c
		___flge        		CODE           	1E44	0000	139

C:\Program Files\Microchip\xc8\v2.40\pic\sources\c99\common\flge.c estimated size: 139

C:\Program Files\Microchip\xc8\v2.40\pic\sources\c99\common\awmod.c
		___awmod       		CODE           	1CBB	0000	83

C:\Program Files\Microchip\xc8\v2.40\pic\sources\c99\common\awmod.c estimated size: 83

C:\Program Files\Microchip\xc8\v2.40\pic\sources\c99\common\putch.c
		_putch         		CODE           	0004	0000	1

C:\Program Files\Microchip\xc8\v2.40\pic\sources\c99\common\putch.c estimated size: 1

C:\Program Files\Microchip\xc8\v2.40\pic\sources\c99\common\doprnt.c
		_vfpfcnvrt     		CODE           	140A	0000	490
		_efgtoa        		CODE           	01AC	0000	1583
		_pad           		CODE           	1BF7	0000	53
		_dtoa          		CODE           	0075	0000	311
		_vfprintf      		CODE           	1AAD	0000	32

C:\Program Files\Microchip\xc8\v2.40\pic\sources\c99\common\doprnt.c estimated size: 2469

C:\Program Files\Microchip\xc8\v2.40\pic\sources\c99\common\Umul8_16.c
		__Umul8_16     		CODE           	1B51	0000	35

C:\Program Files\Microchip\xc8\v2.40\pic\sources\c99\common\Umul8_16.c estimated size: 35

main.c
		_lcd_DisplayString		CODE           	1A06	0000	23
		_lcd_cmd       		CODE           	1B99	0000	46
		_display_int   		CODE           	19F1	0000	21
		_main          		CODE           	0C0D	0000	1011
		_keypad        		CODE           	1F63	0000	157
		_display_float 		CODE           	1B0E	0000	33
		_lcd_char      		CODE           	1BC7	0000	48
		_ADC_init      		CODE           	1000	0000	10
		_ADC_Convert   		CODE           	100A	0000	128
		_getInteger    		CODE           	19D4	0000	9
		_lcd_init      		CODE           	1C2C	0000	65

main.c estimated size: 1551

C:\Program Files\Microchip\xc8\v2.40\pic\sources\c99\common\aodiv.c
		___aodiv       		CODE           	1309	0000	257

C:\Program Files\Microchip\xc8\v2.40\pic\sources\c99\common\aodiv.c estimated size: 257

