Microchip MPLAB XC8 Compiler V2.40

Linker command line:

-W-3 \
  --edf=C:\Program Files\Microchip\xc8\v2.40\pic\dat\20220703182018_en.msgs \
  -cn -h+.ca/dist/PRO_Comparison/production\OvenSystem.X.production.sym \
  --cmf=.ca/dist/PRO_Comparison/production\OvenSystem.X.production.cmf -z \
  -Q16F1937 -oC:\Users\DC\AppData\Local\Temp\xcAs1c0c.4 \
  --defsym=__MPLAB_BUILD=1 --fixupoverflow=error \
  -M.ca/dist/PRO_Comparison/production/OvenSystem.X.production.map \
  --md=C:\Users\DC\AppData\Local\Temp\xcAs1c0c.dat -E1 -ver=XC8 Compiler \
  --acfsm=1493 -ACODE=00h-07FFhx4 -ASTRCODE=00h-01FFFh -ASTRING=00h-0FFhx32 \
  -ACONST=00h-0FFhx32 -AENTRY=00h-0FFhx32 -ACOMMON=070h-07Fh \
  -ABANK0=020h-06Fh -ABANK1=0A0h-0EFh -ABANK2=0120h-016Fh \
  -ABANK3=01A0h-01EFh -ABANK4=0220h-026Fh -ABANK5=02A0h-02EFh \
  -ABANK6=0320h-032Fh -ABIGRAM=02000h-021EFh \
  -ARAM=020h-06Fh,0A0h-0EFh,0120h-016Fh,01A0h-01EFh,0220h-026Fh,02A0h-02EFh,0320h-032Fh \
  -AABS1=020h-07Fh,0A0h-0EFh,0120h-016Fh,01A0h-01EFh,0220h-026Fh,02A0h-02EFh,0320h-032Fh \
  -ASFR0=00h-01Fh -ASFR1=080h-09Fh -ASFR2=0100h-011Fh -ASFR3=0180h-019Fh \
  -ASFR4=0200h-021Fh -ASFR5=0280h-029Fh -ASFR6=0300h-031Fh \
  -ASFR7=0380h-03EFh -ASFR8=0400h-046Fh -ASFR9=0480h-04EFh \
  -ASFR10=0500h-056Fh -ASFR11=0580h-05EFh -ASFR12=0600h-066Fh \
  -ASFR13=0680h-06EFh -ASFR14=0700h-076Fh -ASFR15=0780h-07EFh \
  -ASFR16=0800h-086Fh -ASFR17=0880h-08EFh -ASFR18=0900h-096Fh \
  -ASFR19=0980h-09EFh -ASFR20=0A00h-0A6Fh -ASFR21=0A80h-0AEFh \
  -ASFR22=0B00h-0B6Fh -ASFR23=0B80h-0BEFh -ASFR24=0C00h-0C6Fh \
  -ASFR25=0C80h-0CEFh -ASFR26=0D00h-0D6Fh -ASFR27=0D80h-0DEFh \
  -ASFR28=0E00h-0E6Fh -ASFR29=0E80h-0EEFh -ASFR30=0F00h-0F6Fh \
  -ASFR31=0F80h-0FEFh -ACONFIG=08007h-08008h -DCONFIG=2 \
  -AIDLOC=08000h-08003h -DIDLOC=2 -AEEDATA=00h-0FFh/0F000h \
  -peeprom_data=EEDATA -DEEDATA=2 -DCODE=2 -DSTRCODE=2 -DSTRING=2 -DCONST=2 \
  -DENTRY=2 -preset_vec=00h,intentry,init,end_init -ppowerup=CODE \
  -pcinit=CODE -pfunctab=ENTRY -k C:\Users\DC\AppData\Local\Temp\xcAs1c0c.o \
  .ca/dist/PRO_Comparison/production\OvenSystem.X.production.o 

Object code version is 3.11

Machine type is 16F1937



                Name                               Link     Load   Length Selector   Space Scale
C:\Users\DC\AppData\Local\Temp\xcAs1c0c.o
                end_init                              2        2        2        0       0
                reset_vec                             0        0        2        0       0
                config                             8007     8007        2        0       4
                idloc                              8000     8000        4        0       5
.ca/dist/PRO_Comparison/production\OvenSystem.X.production.o
                cinit                               7DF      7DF       21      FBE       0
                config                             8007     8007        2        0       4
                idloc                              8000     8000        4        0       5
                text42                                6        6      1AA        C       0
                text41                             1A6A     1A6A       23     34D4       0
                text40                              948      948      23B     1290       0
                text39                             1088     1088       AA     2110       0
                text38                             1008     1008       80     2010       0
                text37                             193A     193A        A     3274       0
                text36                             1CF5     1CF5       60     39EA       0
                text35                             1C47     1C47       53     388E       0
                text34                             1B53     1B53       30     36A6       0
                text33                             1944     1944       17     3288       0
                text32                             19A9     19A9       1F     3352       0
                text31                             195B     195B       18     32B6       0
                text30                             1A27     1A27       21     344E       0
                text29                             1ECF     1ECF       94     3D9E       0
                text28                             1307     1307      101     260E       0
                text27                             1132     1132       EA     2264       0
                text26                             1973     1973       1A     32E6       0
                text25                                5        5        1        A       0
                text24                             1C9A     1C9A       5B     3934       0
                text23                             1AB1     1AB1       25     3562       0
                text22                             1B83     1B83       35     3706       0
                text21                              811      811      137     1022       0
                text20                             1BF9     1BF9       4E     37F2       0
                text19                             1E44     1E44       8B     3C88       0
                text18                              806      806        B     100C       0
                text17                             15F4     15F4      20C     2BE8       0
                text16                             19E7     19E7       20     33CE       0
                text15                             1D55     1D55       70     3AAA       0
                text14                             1DC5     1DC5       7F     3B8A       0
                text13                             121C     121C       EB     2438       0
                text12                             1A48     1A48       22     3490       0
                text11                             1AD6     1AD6       27     35AC       0
                text10                             19C8     19C8       1F     3390       0
                text9                               1B0      1B0      62F      360       0
                text8                              1408     1408      1EC     2810       0
                text7                              1A07     1A07       20     340E       0
                text6                              1AFD     1AFD       28     35FA       0
                text5                              1A8D     1A8D       24     351A       0
                text4                              198D     198D       1C     331A       0
                text3                              1F63     1F63       9D     3EC6       0
                text2                              1B25     1B25       2E     364A       0
                text1                              1BB8     1BB8       41     3770       0
                maintext                            B83      B83      47D     1706       0
                cstackBANK0                          20       20       50       20       1
                cstackCOMMON                         70       70        E       70       1
                cstackBANK1                          A0       A0       4F       A0       1
                cstackBANK2                         120      120       23      120       1
                cstackBANK3                         1A0      1A0       34      1A0       1
                clrtext                            1002     1002        6     2004       0
                inittext                            800      800        6      FBE       0
                bssBANK4                            220      220       50      220       1
                dataBANK3                           1D4      1D4        9      1A0       1
                bssBANK2                            143      143        C      120       1
                bssBANK1                             EF       EF        1       A0       1
                stringtext16                       188D     188D        3     3000       0
                stringtext15                       188A     188A        3     3000       0
                stringtext14                       1886     1886        4     3000       0
                stringtext13                       1882     1882        4     3000       0
                stringtext12                       187D     187D        5     3000       0
                stringtext11                       1878     1878        5     3000       0
                stringtext10                       1872     1872        6     3000       0
                stringtext9                        186B     186B        7     3000       0
                stringtext8                        1862     1862        9     3000       0
                stringtext7                        1856     1856        C     3000       0
                stringtext6                        184A     184A        C     3000       0
                stringtext5                        183C     183C        E     3000       0
                stringtext4                        182E     182E        E     3000       0
                stringtext3                        181F     181F        F     3000       0
                stringtext2                        1810     1810        F     3000       0
                stringtext1                        1800     1800       10     3000       0
                idataBANK3                         1931     1931        9     3262       0

TOTAL           Name                               Link     Load   Length     Space
        CLASS   CODE           
                end_init                              2        2        2         0
                cinit                               7DF      7DF       21         0
                reset_vec                             0        0        2         0
                text42                                6        6      1AA         0
                text41                             1A6A     1A6A       23         0
                text40                              948      948      23B         0
                text39                             1088     1088       AA         0
                text38                             1008     1008       80         0
                text37                             193A     193A        A         0
                text36                             1CF5     1CF5       60         0
                text35                             1C47     1C47       53         0
                text34                             1B53     1B53       30         0
                text33                             1944     1944       17         0
                text32                             19A9     19A9       1F         0
                text31                             195B     195B       18         0
                text30                             1A27     1A27       21         0
                text29                             1ECF     1ECF       94         0
                text28                             1307     1307      101         0
                text27                             1132     1132       EA         0
                text26                             1973     1973       1A         0
                text25                                5        5        1         0
                text24                             1C9A     1C9A       5B         0
                text23                             1AB1     1AB1       25         0
                text22                             1B83     1B83       35         0
                text21                              811      811      137         0
                text20                             1BF9     1BF9       4E         0
                text19                             1E44     1E44       8B         0
                text18                              806      806        B         0
                text17                             15F4     15F4      20C         0
                text16                             19E7     19E7       20         0
                text15                             1D55     1D55       70         0
                text14                             1DC5     1DC5       7F         0
                text13                             121C     121C       EB         0
                text12                             1A48     1A48       22         0
                text11                             1AD6     1AD6       27         0
                text10                             19C8     19C8       1F         0
                text9                               1B0      1B0      62F         0
                text8                              1408     1408      1EC         0
                text7                              1A07     1A07       20         0
                text6                              1AFD     1AFD       28         0
                text5                              1A8D     1A8D       24         0
                text4                              198D     198D       1C         0
                text3                              1F63     1F63       9D         0
                text2                              1B25     1B25       2E         0
                text1                              1BB8     1BB8       41         0
                maintext                            B83      B83      47D         0
                clrtext                            1002     1002        6         0
                inittext                            800      800        6         0
                idataBANK3                         1931     1931        9         0

        CLASS   STRCODE        
                stringtext16                       188D     188D        3         0
                stringtext15                       188A     188A        3         0
                stringtext14                       1886     1886        4         0
                stringtext13                       1882     1882        4         0
                stringtext12                       187D     187D        5         0
                stringtext11                       1878     1878        5         0
                stringtext10                       1872     1872        6         0
                stringtext9                        186B     186B        7         0
                stringtext8                        1862     1862        9         0
                stringtext7                        1856     1856        C         0
                stringtext6                        184A     184A        C         0
                stringtext5                        183C     183C        E         0
                stringtext4                        182E     182E        E         0
                stringtext3                        181F     181F        F         0
                stringtext2                        1810     1810        F         0
                stringtext1                        1800     1800       10         0

        CLASS   STRING         

        CLASS   CONST          

        CLASS   ENTRY          

        CLASS   COMMON         
                cstackCOMMON                         70       70        E         1

        CLASS   BANK0          
                cstackBANK0                          20       20       50         1

        CLASS   BANK1          
                cstackBANK1                          A0       A0       4F         1
                bssBANK1                             EF       EF        1         1

        CLASS   BANK2          
                cstackBANK2                         120      120       23         1
                bssBANK2                            143      143        C         1

        CLASS   BANK3          
                cstackBANK3                         1A0      1A0       34         1
                dataBANK3                           1D4      1D4        9         1

        CLASS   BANK4          
                bssBANK4                            220      220       50         1

        CLASS   BANK5          

        CLASS   BANK6          

        CLASS   BIGRAM         

        CLASS   RAM            

        CLASS   ABS1           
                abs_s1                               7E       7E        2         1

        CLASS   SFR0           

        CLASS   SFR1           

        CLASS   SFR2           

        CLASS   SFR3           

        CLASS   SFR4           

        CLASS   SFR5           

        CLASS   SFR6           

        CLASS   SFR7           

        CLASS   SFR8           

        CLASS   SFR9           

        CLASS   SFR10          

        CLASS   SFR11          

        CLASS   SFR12          

        CLASS   SFR13          

        CLASS   SFR14          

        CLASS   SFR15          

        CLASS   SFR16          

        CLASS   SFR17          

        CLASS   SFR18          

        CLASS   SFR19          

        CLASS   SFR20          

        CLASS   SFR21          

        CLASS   SFR22          

        CLASS   SFR23          

        CLASS   SFR24          

        CLASS   SFR25          

        CLASS   SFR26          

        CLASS   SFR27          

        CLASS   SFR28          

        CLASS   SFR29          

        CLASS   SFR30          

        CLASS   SFR31          

        CLASS   CONFIG         
                config                             8007     8007        2         4

        CLASS   IDLOC          
                idloc                              8000     8000        4         5

        CLASS   EEDATA         

        CLASS   BANK31         

        CLASS   BANK30         

        CLASS   BANK29         

        CLASS   BANK28         

        CLASS   BANK27         

        CLASS   BANK26         

        CLASS   BANK25         

        CLASS   BANK24         

        CLASS   BANK23         

        CLASS   BANK22         

        CLASS   BANK21         

        CLASS   BANK20         

        CLASS   BANK19         

        CLASS   BANK18         

        CLASS   BANK17         

        CLASS   BANK16         

        CLASS   BANK15         

        CLASS   BANK14         

        CLASS   BANK13         

        CLASS   BANK12         

        CLASS   BANK11         

        CLASS   BANK10         

        CLASS   BANK9          

        CLASS   BANK8          

        CLASS   BANK7          

        CLASS   HEAP           

        CLASS   STACK          



SEGMENTS        Name                           Load    Length   Top    Selector   Space  Class     Delta

                reset_vec                      000000  000004  000004         0       0  CODE        2
                text25                         000005  000001  000006         A       0  CODE        2
                text42                         000006  0001AA  0001B0         C       0  CODE        2
                cstackBANK0                    000020  000050  000070        20       1  BANK0       1
                cstackCOMMON                   000070  00000E  00007E        70       1  COMMON      1
                cstackBANK1                    0000A0  000050  0000F0        A0       1  BANK1       1
                cstackBANK2                    000120  00002F  00014F       120       1  BANK2       1
                cstackBANK3                    0001A0  00003D  0001DD       1A0       1  BANK3       1
                bssBANK4                       000220  000050  000270       220       1  BANK4       1
                text9                          0001B0  00062F  0007DF       360       0  CODE        2
                cinit                          0007DF  000027  000806       FBE       0  CODE        2
                text18                         000806  00000B  000811      100C       0  CODE        2
                text21                         000811  000137  000948      1022       0  CODE        2
                text40                         000948  00023B  000B83      1290       0  CODE        2
                maintext                       000B83  00047D  001000      1706       0  CODE        2
                clrtext                        001002  000006  001008      2004       0  CODE        2
                text38                         001008  000080  001088      2010       0  CODE        2
                text39                         001088  0000AA  001132      2110       0  CODE        2
                text27                         001132  0000EA  00121C      2264       0  CODE        2
                text13                         00121C  0000EB  001307      2438       0  CODE        2
                text28                         001307  000101  001408      260E       0  CODE        2
                text8                          001408  0001EC  0015F4      2810       0  CODE        2
                text17                         0015F4  00020C  001800      2BE8       0  CODE        2
                stringtext1                    001800  000090  001890      3000       0  STRCODE     2
                idataBANK3                     001931  000009  00193A      3262       0  CODE        2
                text37                         00193A  00000A  001944      3274       0  CODE        2
                text33                         001944  000017  00195B      3288       0  CODE        2
                text31                         00195B  000018  001973      32B6       0  CODE        2
                text26                         001973  00001A  00198D      32E6       0  CODE        2
                text4                          00198D  00001C  0019A9      331A       0  CODE        2
                text32                         0019A9  00001F  0019C8      3352       0  CODE        2
                text10                         0019C8  00001F  0019E7      3390       0  CODE        2
                text16                         0019E7  000020  001A07      33CE       0  CODE        2
                text7                          001A07  000020  001A27      340E       0  CODE        2
                text30                         001A27  000021  001A48      344E       0  CODE        2
                text12                         001A48  000022  001A6A      3490       0  CODE        2
                text41                         001A6A  000023  001A8D      34D4       0  CODE        2
                text5                          001A8D  000024  001AB1      351A       0  CODE        2
                text23                         001AB1  000025  001AD6      3562       0  CODE        2
                text11                         001AD6  000027  001AFD      35AC       0  CODE        2
                text6                          001AFD  000028  001B25      35FA       0  CODE        2
                text2                          001B25  00002E  001B53      364A       0  CODE        2
                text34                         001B53  000030  001B83      36A6       0  CODE        2
                text22                         001B83  000035  001BB8      3706       0  CODE        2
                text1                          001BB8  000041  001BF9      3770       0  CODE        2
                text20                         001BF9  00004E  001C47      37F2       0  CODE        2
                text35                         001C47  000053  001C9A      388E       0  CODE        2
                text24                         001C9A  00005B  001CF5      3934       0  CODE        2
                text36                         001CF5  000060  001D55      39EA       0  CODE        2
                text15                         001D55  000070  001DC5      3AAA       0  CODE        2
                text14                         001DC5  00007F  001E44      3B8A       0  CODE        2
                text19                         001E44  00008B  001ECF      3C88       0  CODE        2
                text29                         001ECF  000094  001F63      3D9E       0  CODE        2
                text3                          001F63  00009D  002000      3EC6       0  CODE        2


UNUSED ADDRESS RANGES

        Name                Unused          Largest block    Delta
        BANK2            0014F-0016F              21           1
        BANK3            001DD-001EF              13           1
        BANK5            002A0-002EF              50           1
        BANK6            00320-0032F              10           1
        BIGRAM           02000-021EF             1F0           1
        CODE             00004-00004               1           2
                         01000-01001               2
                         01890-01930              A1
        CONST            00004-00004               1           2
                         01000-01001               2
                         01890-01930              70
        EEDATA           0F000-0F0FF             100           2
        ENTRY            00004-00004               1           2
                         01000-01001               2
                         01890-01930              70
        RAM              0014F-0016F              21           1
                         001DD-001EF              13
                         002A0-002EF              50
                         00320-0032F              10
        SFR0             00000-0001F              20           1
        SFR1             00080-0009F              20           1
        SFR10            00500-0056F              70           1
        SFR11            00580-005EF              70           1
        SFR12            00600-0066F              70           1
        SFR13            00680-006EF              70           1
        SFR14            00700-0076F              70           1
        SFR15            00780-007EF              70           1
        SFR16            00800-0086F              70           1
        SFR17            00880-008EF              70           1
        SFR18            00900-0096F              70           1
        SFR19            00980-009EF              70           1
        SFR2             00100-0011F              20           1
        SFR20            00A00-00A6F              70           1
        SFR21            00A80-00AEF              70           1
        SFR22            00B00-00B6F              70           1
        SFR23            00B80-00BEF              70           1
        SFR24            00C00-00C6F              70           1
        SFR25            00C80-00CEF              70           1
        SFR26            00D00-00D6F              70           1
        SFR27            00D80-00DEF              70           1
        SFR28            00E00-00E6F              70           1
        SFR29            00E80-00EEF              70           1
        SFR3             00180-0019F              20           1
        SFR30            00F00-00F6F              70           1
        SFR31            00F80-00FEF              70           1
        SFR4             00200-0021F              20           1
        SFR5             00280-0029F              20           1
        SFR6             00300-0031F              20           1
        SFR7             00380-003EF              70           1
        SFR8             00400-0046F              70           1
        SFR9             00480-004EF              70           1
        STRCODE          00004-00004               1           2
                         01000-01001               2
                         01890-01930              A1
        STRING           00004-00004               1           2
                         01000-01001               2
                         01890-01930              70

                                  Symbol Table

?_ADC_Convert              cstackBANK0  00054
?__Umul8_16                cstackCOMMON 00070
?___aodiv                  cstackBANK0  00020
?___aomod                  cstackBANK0  00020
?___awdiv                  cstackCOMMON 00077
?___awmod                  cstackCOMMON 00070
?___fladd                  cstackCOMMON 00070
?___fldiv                  cstackBANK0  0003A
?___flmul                  cstackBANK0  00020
?___flneg                  cstackCOMMON 00070
?___flsub                  cstackBANK0  0003A
?___fltol                  cstackCOMMON 00070
?___fpclassifyf            cstackCOMMON 00070
?___wmul                   cstackCOMMON 00070
?___xxtofl                 cstackCOMMON 00070
?_abs                      cstackCOMMON 00073
?_atoi                     cstackCOMMON 00076
?_floorf                   cstackBANK0  00054
?_isdigit                  cstackCOMMON 00070
?_isspace                  cstackCOMMON 00070
?_labs                     cstackCOMMON 00070
?_sprintf                  cstackBANK1  000E7
?_vfprintf                 cstackBANK1  000E1
ADC_Convert@chan           cstackBANK0  00054
ADC_Convert@result         cstackBANK0  0005E
ADC_Convert@voltage        cstackBANK0  0005A
_ADCON0bits                (abs)        0009D
_ADCON1bits                (abs)        0009E
_ADC_Convert               text38       01008
_ADC_init                  text37       0193A
_ADRESH                    (abs)        0009C
_ADRESL                    (abs)        0009B
_ANSELA                    (abs)        0018C
_ANSELD                    (abs)        0018F
_LATB                      (abs)        0010D
_LATCbits                  (abs)        0010E
_LATDbits                  (abs)        0010F
_PORTCbits                 (abs)        0000E
_PORTDbits                 (abs)        0000F
_TRISB                     (abs)        0008D
_TRISC                     (abs)        0008E
_TRISD                     (abs)        0008F
__Habs1                    abs1         00000
__Hbank0                   bank0        00000
__Hbank1                   bank1        00000
__Hbank10                  bank10       00000
__Hbank11                  bank11       00000
__Hbank12                  bank12       00000
__Hbank13                  bank13       00000
__Hbank14                  bank14       00000
__Hbank15                  bank15       00000
__Hbank16                  bank16       00000
__Hbank17                  bank17       00000
__Hbank18                  bank18       00000
__Hbank19                  bank19       00000
__Hbank2                   bank2        00000
__Hbank20                  bank20       00000
__Hbank21                  bank21       00000
__Hbank22                  bank22       00000
__Hbank23                  bank23       00000
__Hbank24                  bank24       00000
__Hbank25                  bank25       00000
__Hbank26                  bank26       00000
__Hbank27                  bank27       00000
__Hbank28                  bank28       00000
__Hbank29                  bank29       00000
__Hbank3                   bank3        00000
__Hbank30                  bank30       00000
__Hbank31                  bank31       00000
__Hbank4                   bank4        00000
__Hbank5                   bank5        00000
__Hbank6                   bank6        00000
__Hbank7                   bank7        00000
__Hbank8                   bank8        00000
__Hbank9                   bank9        00000
__Hbigram                  bigram       00000
__HbssBANK1                bssBANK1     00000
__HbssBANK2                bssBANK2     00000
__HbssBANK4                bssBANK4     00000
__Hcinit                   cinit        00800
__Hclrtext                 clrtext      00000
__Hcode                    code         00000
__Hcommon                  common       00000
__Hconfig                  config       08009
__HcstackBANK0             cstackBANK0  00000
__HcstackBANK1             cstackBANK1  00000
__HcstackBANK2             cstackBANK2  00000
__HcstackBANK3             cstackBANK3  00000
__HcstackCOMMON            cstackCOMMON 00000
__HdataBANK3               dataBANK3    00000
__Heeprom_data             eeprom_data  00000
__Hend_init                end_init     00004
__Hfunctab                 functab      00000
__Hheap                    heap         00000
__HidataBANK3              idataBANK3   00000
__Hidloc                   idloc        08004
__Hinit                    init         00002
__Hinittext                inittext     00000
__Hintentry                intentry     00002
__Hmaintext                maintext     00000
__Hpowerup                 powerup      00000
__Hram                     ram          00000
__Hreset_vec               reset_vec    00002
__Hsfr0                    sfr0         00000
__Hsfr1                    sfr1         00000
__Hsfr10                   sfr10        00000
__Hsfr11                   sfr11        00000
__Hsfr12                   sfr12        00000
__Hsfr13                   sfr13        00000
__Hsfr14                   sfr14        00000
__Hsfr15                   sfr15        00000
__Hsfr16                   sfr16        00000
__Hsfr17                   sfr17        00000
__Hsfr18                   sfr18        00000
__Hsfr19                   sfr19        00000
__Hsfr2                    sfr2         00000
__Hsfr20                   sfr20        00000
__Hsfr21                   sfr21        00000
__Hsfr22                   sfr22        00000
__Hsfr23                   sfr23        00000
__Hsfr24                   sfr24        00000
__Hsfr25                   sfr25        00000
__Hsfr26                   sfr26        00000
__Hsfr27                   sfr27        00000
__Hsfr28                   sfr28        00000
__Hsfr29                   sfr29        00000
__Hsfr3                    sfr3         00000
__Hsfr30                   sfr30        00000
__Hsfr31                   sfr31        00000
__Hsfr4                    sfr4         00000
__Hsfr5                    sfr5         00000
__Hsfr6                    sfr6         00000
__Hsfr7                    sfr7         00000
__Hsfr8                    sfr8         00000
__Hsfr9                    sfr9         00000
__Hspace_0                 (abs)        02000
__Hspace_1                 (abs)        00270
__Hspace_2                 (abs)        00000
__Hspace_3                 (abs)        00000
__Hspace_4                 (abs)        10010
__Hstack                   stack        00000
__Hstrings                 strings      00000
__Hstringtext1             stringtext1  00000
__Hstringtext10            stringtext10 00000
__Hstringtext11            stringtext11 00000
__Hstringtext12            stringtext12 00000
__Hstringtext13            stringtext13 00000
__Hstringtext14            stringtext14 00000
__Hstringtext15            stringtext15 00000
__Hstringtext16            stringtext16 00000
__Hstringtext17            stringtext17 00000
__Hstringtext2             stringtext2  00000
__Hstringtext3             stringtext3  00000
__Hstringtext4             stringtext4  00000
__Hstringtext5             stringtext5  00000
__Hstringtext6             stringtext6  00000
__Hstringtext7             stringtext7  00000
__Hstringtext8             stringtext8  00000
__Hstringtext9             stringtext9  00000
__Htext                    text         00000
__Labs1                    abs1         00000
__Lbank0                   bank0        00000
__Lbank1                   bank1        00000
__Lbank10                  bank10       00000
__Lbank11                  bank11       00000
__Lbank12                  bank12       00000
__Lbank13                  bank13       00000
__Lbank14                  bank14       00000
__Lbank15                  bank15       00000
__Lbank16                  bank16       00000
__Lbank17                  bank17       00000
__Lbank18                  bank18       00000
__Lbank19                  bank19       00000
__Lbank2                   bank2        00000
__Lbank20                  bank20       00000
__Lbank21                  bank21       00000
__Lbank22                  bank22       00000
__Lbank23                  bank23       00000
__Lbank24                  bank24       00000
__Lbank25                  bank25       00000
__Lbank26                  bank26       00000
__Lbank27                  bank27       00000
__Lbank28                  bank28       00000
__Lbank29                  bank29       00000
__Lbank3                   bank3        00000
__Lbank30                  bank30       00000
__Lbank31                  bank31       00000
__Lbank4                   bank4        00000
__Lbank5                   bank5        00000
__Lbank6                   bank6        00000
__Lbank7                   bank7        00000
__Lbank8                   bank8        00000
__Lbank9                   bank9        00000
__Lbigram                  bigram       00000
__LbssBANK1                bssBANK1     00000
__LbssBANK2                bssBANK2     00000
__LbssBANK4                bssBANK4     00000
__Lcinit                   cinit        007DF
__Lclrtext                 clrtext      00000
__Lcode                    code         00000
__Lcommon                  common       00000
__Lconfig                  config       00000
__LcstackBANK0             cstackBANK0  00000
__LcstackBANK1             cstackBANK1  00000
__LcstackBANK2             cstackBANK2  00000
__LcstackBANK3             cstackBANK3  00000
__LcstackCOMMON            cstackCOMMON 00000
__LdataBANK3               dataBANK3    00000
__Leeprom_data             eeprom_data  00000
__Lend_init                end_init     00002
__Lfunctab                 functab      00000
__Lheap                    heap         00000
__LidataBANK3              idataBANK3   00000
__Lidloc                   idloc        00000
__Linit                    init         00002
__Linittext                inittext     00000
__Lintentry                intentry     00002
__Lmaintext                maintext     00000
__Lpowerup                 powerup      00000
__Lram                     ram          00000
__Lreset_vec               reset_vec    00000
__Lsfr0                    sfr0         00000
__Lsfr1                    sfr1         00000
__Lsfr10                   sfr10        00000
__Lsfr11                   sfr11        00000
__Lsfr12                   sfr12        00000
__Lsfr13                   sfr13        00000
__Lsfr14                   sfr14        00000
__Lsfr15                   sfr15        00000
__Lsfr16                   sfr16        00000
__Lsfr17                   sfr17        00000
__Lsfr18                   sfr18        00000
__Lsfr19                   sfr19        00000
__Lsfr2                    sfr2         00000
__Lsfr20                   sfr20        00000
__Lsfr21                   sfr21        00000
__Lsfr22                   sfr22        00000
__Lsfr23                   sfr23        00000
__Lsfr24                   sfr24        00000
__Lsfr25                   sfr25        00000
__Lsfr26                   sfr26        00000
__Lsfr27                   sfr27        00000
__Lsfr28                   sfr28        00000
__Lsfr29                   sfr29        00000
__Lsfr3                    sfr3         00000
__Lsfr30                   sfr30        00000
__Lsfr31                   sfr31        00000
__Lsfr4                    sfr4         00000
__Lsfr5                    sfr5         00000
__Lsfr6                    sfr6         00000
__Lsfr7                    sfr7         00000
__Lsfr8                    sfr8         00000
__Lsfr9                    sfr9         00000
__Lspace_0                 (abs)        00000
__Lspace_1                 (abs)        00000
__Lspace_2                 (abs)        00000
__Lspace_3                 (abs)        00000
__Lspace_4                 (abs)        00000
__Lstack                   stack        00000
__Lstrings                 strings      00000
__Lstringtext1             stringtext1  00000
__Lstringtext10            stringtext10 00000
__Lstringtext11            stringtext11 00000
__Lstringtext12            stringtext12 00000
__Lstringtext13            stringtext13 00000
__Lstringtext14            stringtext14 00000
__Lstringtext15            stringtext15 00000
__Lstringtext16            stringtext16 00000
__Lstringtext17            stringtext17 00000
__Lstringtext2             stringtext2  00000
__Lstringtext3             stringtext3  00000
__Lstringtext4             stringtext4  00000
__Lstringtext5             stringtext5  00000
__Lstringtext6             stringtext6  00000
__Lstringtext7             stringtext7  00000
__Lstringtext8             stringtext8  00000
__Lstringtext9             stringtext9  00000
__Ltext                    text         00000
__S0                       (abs)        02000
__S1                       (abs)        00270
__S3                       (abs)        00000
__Umul8_16                 text41       01A6A
__Umul8_16@multiplicand    cstackCOMMON 00070
__Umul8_16@multiplier      cstackCOMMON 00078
__Umul8_16@product         cstackCOMMON 00074
__Umul8_16@word_mpld       cstackCOMMON 00076
___aodiv                   text28       01307
___aodiv@counter           cstackCOMMON 00071
___aodiv@dividend          cstackBANK0  00028
___aodiv@divisor           cstackBANK0  00020
___aodiv@quotient          cstackCOMMON 00073
___aodiv@sign              cstackCOMMON 00072
___aomod                   text27       01132
___aomod@counter           cstackCOMMON 00071
___aomod@dividend          cstackBANK0  00028
___aomod@divisor           cstackBANK0  00020
___aomod@sign              cstackCOMMON 00072
___awdiv                   text36       01CF5
___awdiv@counter           cstackBANK0  00020
___awdiv@dividend          cstackCOMMON 00079
___awdiv@divisor           cstackCOMMON 00077
___awdiv@quotient          cstackBANK0  00022
___awdiv@sign              cstackBANK0  00021
___awmod                   text35       01C47
___awmod@counter           cstackCOMMON 00075
___awmod@dividend          cstackCOMMON 00072
___awmod@divisor           cstackCOMMON 00070
___awmod@sign              cstackCOMMON 00076
___fladd                   text17       015F4
___fladd@a                 cstackCOMMON 00074
___fladd@aexp              cstackCOMMON 00079
___fladd@b                 cstackCOMMON 00070
___fladd@bexp              cstackCOMMON 0007A
___fladd@grs               cstackCOMMON 0007B
___fladd@signs             cstackCOMMON 00078
___fldiv                   text42       00006
___fldiv@a                 cstackBANK0  0003A
___fldiv@aexp              cstackBANK0  00053
___fldiv@b                 cstackBANK0  0003E
___fldiv@bexp              cstackBANK0  00052
___fldiv@grs               cstackBANK0  0004E
___fldiv@new_exp           cstackBANK0  0004C
___fldiv@rem               cstackBANK0  00047
___fldiv@sign              cstackBANK0  0004B
___fleq                    text20       01BF9
___fleq@ff1                cstackCOMMON 00070
___fleq@ff2                cstackCOMMON 00074
___flge                    text19       01E44
___flge@ff1                cstackBANK0  0003A
___flge@ff2                cstackBANK0  0003E
___flmul                   text40       00948
___flmul@a                 cstackBANK0  00024
___flmul@aexp              cstackBANK0  00032
___flmul@b                 cstackBANK0  00020
___flmul@bexp              cstackBANK0  00033
___flmul@grs               cstackBANK0  0002E
___flmul@prod              cstackBANK0  00034
___flmul@sign              cstackBANK0  0002D
___flmul@temp              cstackBANK0  00038
___flneg                   text18       00806
___flneg@f1                cstackCOMMON 00070
___flsub                   text16       019E7
___flsub@a                 cstackBANK0  0003A
___flsub@b                 cstackBANK0  0003E
___fltol                   text15       01D55
___fltol@exp1              cstackCOMMON 00079
___fltol@f1                cstackCOMMON 00070
___fltol@sign1             cstackCOMMON 00078
___fpclassifyf             text14       01DC5
___fpclassifyf@F465        bssBANK2     00147
___fpclassifyf@e           cstackBANK0  00020
___fpclassifyf@u           cstackBANK0  00022
___fpclassifyf@x           cstackCOMMON 00070
___heap_hi                 (abs)        00000
___heap_lo                 (abs)        00000
___int_sp                  stack        00000
___latbits                 (abs)        00002
___sp                      stack        00000
___stackhi                 (abs)        00000
___stacklo                 (abs)        00000
___wmul                    text32       019A9
___wmul@multiplicand       cstackCOMMON 00072
___wmul@multiplier         cstackCOMMON 00070
___wmul@product            cstackCOMMON 00074
___xxtofl                  text39       01088
___xxtofl@arg              cstackCOMMON 0007A
___xxtofl@exp              cstackCOMMON 00079
___xxtofl@sign             cstackCOMMON 00078
___xxtofl@val              cstackCOMMON 00070
__end_of_ADC_Convert       text38       01088
__end_of_ADC_init          text37       01944
__end_of__Umul8_16         text41       01A8D
__end_of___aodiv           text28       01408
__end_of___aomod           text27       0121C
__end_of___awdiv           text36       01D55
__end_of___awmod           text35       01C9A
__end_of___fladd           text17       01800
__end_of___fldiv           text42       001B0
__end_of___fleq            text20       01C47
__end_of___flge            text19       01ECF
__end_of___flmul           text40       00B83
__end_of___flneg           text18       00811
__end_of___flsub           text16       01A07
__end_of___fltol           text15       01DC5
__end_of___fpclassifyf     text14       01E44
__end_of___wmul            text32       019C8
__end_of___xxtofl          text39       01132
__end_of__initialization   cinit        007FD
__end_of_abs               text26       0198D
__end_of_atoi              text29       01F63
__end_of_display_float     text5        01AB1
__end_of_display_int       text4        019A9
__end_of_dtoa              text21       00948
__end_of_efgtoa            text9        007DF
__end_of_floorf            text13       01307
__end_of_fputc             text24       01CF5
__end_of_fputs             text23       01AD6
__end_of_isdigit           text31       01973
__end_of_isspace           text30       01A48
__end_of_keypad            text3        02000
__end_of_labs              text12       01A6A
__end_of_lcd_DisplayString text33       0195B
__end_of_lcd_char          text34       01B83
__end_of_lcd_cmd           text2        01B53
__end_of_lcd_init          text1        01BF9
__end_of_main              maintext     01000
__end_of_memcpy            text11       01AFD
__end_of_pad               text22       01BB8
__end_of_putch             text25       00006
__end_of_sprintf           text6        01B25
__end_of_strcpy            text10       019E7
__end_of_vfpfcnvrt         text8        015F4
__end_of_vfprintf          text7        01A27
__initialization           cinit        007DF
__pbssBANK1                bssBANK1     000EF
__pbssBANK2                bssBANK2     00143
__pbssBANK4                bssBANK4     00220
__pcstackBANK0             cstackBANK0  00020
__pcstackBANK1             cstackBANK1  000A0
__pcstackBANK2             cstackBANK2  00120
__pcstackBANK3             cstackBANK3  001A0
__pcstackCOMMON            cstackCOMMON 00070
__pdataBANK3               dataBANK3    001D4
__pidataBANK3              idataBANK3   01931
__pmaintext                maintext     00B83
__pstringtext1             stringtext1  01800
__pstringtext10            stringtext10 01872
__pstringtext11            stringtext11 01878
__pstringtext12            stringtext12 0187D
__pstringtext13            stringtext13 01882
__pstringtext14            stringtext14 01886
__pstringtext15            stringtext15 0188A
__pstringtext16            stringtext16 0188D
__pstringtext17            stringtext17 00000
__pstringtext2             stringtext2  01810
__pstringtext3             stringtext3  0181F
__pstringtext4             stringtext4  0182E
__pstringtext5             stringtext5  0183C
__pstringtext6             stringtext6  0184A
__pstringtext7             stringtext7  01856
__pstringtext8             stringtext8  01862
__pstringtext9             stringtext9  0186B
__ptext1                   text1        01BB8
__ptext10                  text10       019C8
__ptext11                  text11       01AD6
__ptext12                  text12       01A48
__ptext13                  text13       0121C
__ptext14                  text14       01DC5
__ptext15                  text15       01D55
__ptext16                  text16       019E7
__ptext17                  text17       015F4
__ptext18                  text18       00806
__ptext19                  text19       01E44
__ptext2                   text2        01B25
__ptext20                  text20       01BF9
__ptext21                  text21       00811
__ptext22                  text22       01B83
__ptext23                  text23       01AB1
__ptext24                  text24       01C9A
__ptext25                  text25       00005
__ptext26                  text26       01973
__ptext27                  text27       01132
__ptext28                  text28       01307
__ptext29                  text29       01ECF
__ptext3                   text3        01F63
__ptext30                  text30       01A27
__ptext31                  text31       0195B
__ptext32                  text32       019A9
__ptext33                  text33       01944
__ptext34                  text34       01B53
__ptext35                  text35       01C47
__ptext36                  text36       01CF5
__ptext37                  text37       0193A
__ptext38                  text38       01008
__ptext39                  text39       01088
__ptext4                   text4        0198D
__ptext40                  text40       00948
__ptext41                  text41       01A6A
__ptext42                  text42       00006
__ptext5                   text5        01A8D
__ptext6                   text6        01AFD
__ptext7                   text7        01A07
__ptext8                   text8        01408
__ptext9                   text9        001B0
_abs                       text26       01973
_atoi                      text29       01ECF
_dbuf                      bssBANK4     00220
_display_float             text5        01A8D
_display_int               text4        0198D
_dtoa                      text21       00811
_dtoa$924                  cstackBANK0  00039
_efgtoa                    text9        001B0
_efgtoa$955                cstackBANK1  000AA
_flags                     bssBANK1     000EF
_floorf                    text13       0121C
_fputc                     text24       01C9A
_fputs                     text23       01AB1
_isdigit                   text31       0195B
_isspace                   text30       01A27
_isspace$1035              cstackCOMMON 00074
_keypad                    text3        01F63
_labs                      text12       01A48
_lcd_DisplayString         text33       01944
_lcd_char                  text34       01B53
_lcd_cmd                   text2        01B25
_lcd_init                  text1        01BB8
_main                      maintext     00B83
_memcpy                    text11       01AD6
_pad                       text22       01B83
_prec                      bssBANK2     0014D
_putch                     text25       00005
_sprintf                   text6        01AFD
_strcpy                    text10       019C8
_vfpfcnvrt                 text8        01408
_vfprintf                  text7        01A07
_width                     bssBANK2     0014B
abs@a                      cstackCOMMON 00073
atoi@n                     cstackBANK0  00022
atoi@neg                   cstackBANK0  00020
atoi@s                     cstackCOMMON 00076
btemp                      (abs)        0007E
clear_ram0                 clrtext      01002
display_float@num          cstackBANK2  0012B
display_float@str          cstackBANK2  0012F
display_int@num            cstackBANK2  0012B
display_int@str            cstackBANK2  0012D
dtoa@d                     cstackBANK0  00030
dtoa@fp                    cstackBANK0  0003B
dtoa@i                     cstackBANK0  00048
dtoa@n                     cstackBANK0  00040
dtoa@p                     cstackBANK0  0003C
dtoa@s                     cstackBANK0  0004A
dtoa@w                     cstackBANK0  0003E
efgtoa@c                   cstackBANK0  0006C
efgtoa@d                   cstackBANK1  000AF
efgtoa@e                   cstackBANK1  000B4
efgtoa@f                   cstackBANK0  00068
efgtoa@fp                  cstackBANK1  000B3
efgtoa@g                   cstackBANK1  000C9
efgtoa@h                   cstackBANK1  000BE
efgtoa@i                   cstackBANK1  000BC
efgtoa@l                   cstackBANK1  000C2
efgtoa@m                   cstackBANK1  000B1
efgtoa@mode                cstackBANK1  000AD
efgtoa@n                   cstackBANK1  000C7
efgtoa@ne                  cstackBANK1  000A4
efgtoa@nmode               cstackBANK1  000AE
efgtoa@ou                  cstackBANK1  000B8
efgtoa@p                   cstackBANK1  000A6
efgtoa@pp                  cstackBANK1  000AC
efgtoa@sign                cstackBANK1  000C6
efgtoa@t                   cstackBANK1  000A8
efgtoa@u                   cstackBANK1  000CD
efgtoa@w                   cstackBANK1  000B6
end_of_initialization      cinit        007FD
floorf@F526                bssBANK2     00143
floorf@e                   cstackBANK0  00062
floorf@m                   cstackBANK0  0005E
floorf@u                   cstackBANK0  00064
floorf@x                   cstackBANK0  00054
fputc@c                    cstackCOMMON 00070
fputc@fp                   cstackCOMMON 00072
fputs@c                    cstackBANK0  00020
fputs@fp                   cstackCOMMON 00078
fputs@i                    cstackBANK0  00021
fputs@s                    cstackBANK0  00023
init_ram                   inittext     00800
intlevel0                  functab      00000
intlevel1                  functab      00000
intlevel2                  functab      00000
intlevel3                  functab      00000
intlevel4                  functab      00000
intlevel5                  functab      00000
isdigit@c                  cstackCOMMON 00070
isspace@c                  cstackCOMMON 00070
labs@a                     cstackCOMMON 00070
lcd_DisplayString@str      cstackCOMMON 00072
lcd_char@c                 cstackCOMMON 00071
lcd_cmd@cmd                cstackCOMMON 00071
main@F3475                 dataBANK3    001DA
main@F3477                 dataBANK3    001D4
main@count                 cstackBANK3  001C7
main@count2                cstackBANK3  001D2
main@currentTemperature    cstackBANK3  001B7
main@hr                    cstackBANK3  001BF
main@hr0                   cstackBANK3  001AE
main@hr1                   cstackBANK3  001B0
main@inputTemp             cstackBANK3  001CF
main@inputTemperature      cstackBANK3  001A4
main@inputTime             cstackBANK3  001C9
main@key                   cstackBANK3  001C6
main@min                   cstackBANK3  001C1
main@min0                  cstackBANK3  001B2
main@min1                  cstackBANK3  001B4
main@n0                    cstackBANK3  001A8
main@n1                    cstackBANK3  001AA
main@n2                    cstackBANK3  001AC
main@seconds               cstackBANK3  001C3
main@start                 cstackBANK3  001B6
main@temp                  cstackBANK3  001BD
main@tempBool              cstackBANK3  001BB
main@tempVoltage           cstackBANK3  001A0
main@timeBool              cstackBANK3  001BC
main@v                     cstackBANK3  001C5
memcpy@d                   cstackCOMMON 00076
memcpy@d1                  cstackCOMMON 00075
memcpy@n                   cstackCOMMON 00071
memcpy@s                   cstackCOMMON 00077
memcpy@s1                  cstackCOMMON 00070
memcpy@tmp                 cstackCOMMON 00074
pad@buf                    cstackCOMMON 0007B
pad@fp                     cstackBANK0  00029
pad@i                      cstackBANK0  00025
pad@p                      cstackCOMMON 0007C
pad@w                      cstackBANK0  00027
reset_vec                  reset_vec    00000
sprintf@ap                 cstackBANK2  00120
sprintf@f                  cstackBANK2  00121
sprintf@fmt                cstackBANK1  000E9
sprintf@s                  cstackBANK1  000E7
start                      init         00002
start_initialization       cinit        007DF
strcpy@d                   cstackCOMMON 00076
strcpy@dest                cstackCOMMON 00077
strcpy@s                   cstackCOMMON 00074
strcpy@src                 cstackCOMMON 00070
vfpfcnvrt@ap               cstackBANK0  0006E
vfpfcnvrt@c                cstackBANK1  000DD
vfpfcnvrt@convarg          cstackBANK1  000D5
vfpfcnvrt@cp               cstackBANK1  000DF
vfpfcnvrt@fmt              cstackBANK0  0006D
vfpfcnvrt@fp               cstackBANK1  000DE
vfprintf@ap                cstackBANK1  000E3
vfprintf@cfmt              cstackBANK1  000E5
vfprintf@fmt               cstackBANK1  000E1
vfprintf@fp                cstackBANK1  000E4
wtemp0                     (abs)        0007E


MODULE INFORMATION

Module		Function		Class		Link	Load	Size
C:\Program Files\Microchip\xc8\v2.40\pic\sources\c99\common\sprcmul.c
		___flmul       		CODE           	0948	0000	571

C:\Program Files\Microchip\xc8\v2.40\pic\sources\c99\common\sprcmul.c estimated size: 571

C:\Program Files\Microchip\xc8\v2.40\pic\sources\c99\common\nf_fputc.c
		_fputc         		CODE           	1C9A	0000	91

C:\Program Files\Microchip\xc8\v2.40\pic\sources\c99\common\nf_fputc.c estimated size: 91

C:\Program Files\Microchip\xc8\v2.40\pic\sources\c99\common\sprcdiv.c
		___fldiv       		CODE           	0006	0000	426

C:\Program Files\Microchip\xc8\v2.40\pic\sources\c99\common\sprcdiv.c estimated size: 426

C:\Program Files\Microchip\xc8\v2.40\pic\sources\c99\common\nf_sprintf.c
		_sprintf       		CODE           	1AFD	0000	40

C:\Program Files\Microchip\xc8\v2.40\pic\sources\c99\common\nf_sprintf.c estimated size: 40

C:\Program Files\Microchip\xc8\v2.40\pic\sources\c99\common\memcpy.c
		_memcpy        		CODE           	1AD6	0000	39

C:\Program Files\Microchip\xc8\v2.40\pic\sources\c99\common\memcpy.c estimated size: 39

C:\Program Files\Microchip\xc8\v2.40\pic\sources\c99\common\awdiv.c
		___awdiv       		CODE           	1CF5	0000	96

C:\Program Files\Microchip\xc8\v2.40\pic\sources\c99\common\awdiv.c estimated size: 96

C:\Program Files\Microchip\xc8\v2.40\pic\sources\c99\common\fltol.c
		___fltol       		CODE           	1D55	0000	112

C:\Program Files\Microchip\xc8\v2.40\pic\sources\c99\common\fltol.c estimated size: 112

C:\Program Files\Microchip\xc8\v2.40\pic\sources\c99\common\isspace.c
		_isspace       		CODE           	1A27	0000	33

C:\Program Files\Microchip\xc8\v2.40\pic\sources\c99\common\isspace.c estimated size: 33

C:\Program Files\Microchip\xc8\v2.40\pic\sources\c99\common\atoi.c
		_atoi          		CODE           	1ECF	0000	148

C:\Program Files\Microchip\xc8\v2.40\pic\sources\c99\common\atoi.c estimated size: 148

C:\Program Files\Microchip\xc8\v2.40\pic\sources\c99\common\Umul16.c
		___wmul        		CODE           	19A9	0000	31

C:\Program Files\Microchip\xc8\v2.40\pic\sources\c99\common\Umul16.c estimated size: 31

C:\Program Files\Microchip\xc8\v2.40\pic\sources\c99\common\fleq.c
		___fleq        		CODE           	1BF9	0000	78

C:\Program Files\Microchip\xc8\v2.40\pic\sources\c99\common\fleq.c estimated size: 78

C:\Program Files\Microchip\xc8\v2.40\pic\sources\c99\common\abs.c
		_abs           		CODE           	1973	0000	26

C:\Program Files\Microchip\xc8\v2.40\pic\sources\c99\common\abs.c estimated size: 26

C:\Program Files\Microchip\xc8\v2.40\pic\sources\c99\common\__fpclassifyf.c
		___fpclassifyf 		CODE           	1DC5	0000	127

C:\Program Files\Microchip\xc8\v2.40\pic\sources\c99\common\__fpclassifyf.c estimated size: 127

C:\Program Files\Microchip\xc8\v2.40\pic\sources\c99\common\isdigit.c
		_isdigit       		CODE           	195B	0000	24

C:\Program Files\Microchip\xc8\v2.40\pic\sources\c99\common\isdigit.c estimated size: 24

C:\Program Files\Microchip\xc8\v2.40\pic\sources\c99\common\sprcadd.c
		___flsub       		CODE           	19E7	0000	32
		___fladd       		CODE           	15F4	0000	524

C:\Program Files\Microchip\xc8\v2.40\pic\sources\c99\common\sprcadd.c estimated size: 556

C:\Program Files\Microchip\xc8\v2.40\pic\sources\c99\common\floorf.c
		_floorf        		CODE           	121C	0000	235

C:\Program Files\Microchip\xc8\v2.40\pic\sources\c99\common\floorf.c estimated size: 235

C:\Program Files\Microchip\xc8\v2.40\pic\sources\c99\common\flneg.c
		___flneg       		CODE           	0806	0000	11

C:\Program Files\Microchip\xc8\v2.40\pic\sources\c99\common\flneg.c estimated size: 11

C:\Program Files\Microchip\xc8\v2.40\pic\sources\c99\common\labs.c
		_labs          		CODE           	1A48	0000	34

C:\Program Files\Microchip\xc8\v2.40\pic\sources\c99\common\labs.c estimated size: 34

C:\Program Files\Microchip\xc8\v2.40\pic\sources\c99\common\xxtofl.c
		___xxtofl      		CODE           	1088	0000	170

C:\Program Files\Microchip\xc8\v2.40\pic\sources\c99\common\xxtofl.c estimated size: 170

C:\Program Files\Microchip\xc8\v2.40\pic\sources\c99\common\nf_fputs.c
		_fputs         		CODE           	1AB1	0000	37

C:\Program Files\Microchip\xc8\v2.40\pic\sources\c99\common\nf_fputs.c estimated size: 37

C:\Program Files\Microchip\xc8\v2.40\pic\sources\c99\common\aomod.c
		___aomod       		CODE           	1132	0000	234

C:\Program Files\Microchip\xc8\v2.40\pic\sources\c99\common\aomod.c estimated size: 234

shared
		__initialization		CODE           	07DF	0000	30

shared estimated size: 30

C:\Program Files\Microchip\xc8\v2.40\pic\sources\c99\common\strcpy.c
		_strcpy        		CODE           	19C8	0000	31

C:\Program Files\Microchip\xc8\v2.40\pic\sources\c99\common\strcpy.c estimated size: 31

C:\Program Files\Microchip\xc8\v2.40\pic\sources\c99\common\flge.c
		___flge        		CODE           	1E44	0000	139

C:\Program Files\Microchip\xc8\v2.40\pic\sources\c99\common\flge.c estimated size: 139

C:\Program Files\Microchip\xc8\v2.40\pic\sources\c99\common\awmod.c
		___awmod       		CODE           	1C47	0000	83

C:\Program Files\Microchip\xc8\v2.40\pic\sources\c99\common\awmod.c estimated size: 83

C:\Program Files\Microchip\xc8\v2.40\pic\sources\c99\common\putch.c
		_putch         		CODE           	0005	0000	1

C:\Program Files\Microchip\xc8\v2.40\pic\sources\c99\common\putch.c estimated size: 1

C:\Program Files\Microchip\xc8\v2.40\pic\sources\c99\common\doprnt.c
		_vfpfcnvrt     		CODE           	1408	0000	492
		_efgtoa        		CODE           	01B0	0000	1583
		_pad           		CODE           	1B83	0000	53
		_dtoa          		CODE           	0811	0000	311
		_vfprintf      		CODE           	1A07	0000	32

C:\Program Files\Microchip\xc8\v2.40\pic\sources\c99\common\doprnt.c estimated size: 2471

C:\Program Files\Microchip\xc8\v2.40\pic\sources\c99\common\Umul8_16.c
		__Umul8_16     		CODE           	1A6A	0000	35

C:\Program Files\Microchip\xc8\v2.40\pic\sources\c99\common\Umul8_16.c estimated size: 35

main.c
		_lcd_DisplayString		CODE           	1944	0000	23
		_lcd_cmd       		CODE           	1B25	0000	46
		_display_int   		CODE           	198D	0000	28
		_main          		CODE           	0B83	0000	1149
		_keypad        		CODE           	1F63	0000	157
		_display_float 		CODE           	1A8D	0000	36
		_lcd_char      		CODE           	1B53	0000	48
		_ADC_init      		CODE           	193A	0000	10
		_ADC_Convert   		CODE           	1008	0000	128
		_lcd_init      		CODE           	1BB8	0000	65

main.c estimated size: 1690

C:\Program Files\Microchip\xc8\v2.40\pic\sources\c99\common\aodiv.c
		___aodiv       		CODE           	1307	0000	257

C:\Program Files\Microchip\xc8\v2.40\pic\sources\c99\common\aodiv.c estimated size: 257

